10-10 10:07:52.226  1027  1027 E vendor.qti.hardware.perf@2.2-service: Unknown params
10-10 10:07:52.241  1076  1076 D OplusMovieIdle: updateLayerStacks,mOmiSupport is not supoort
10-10 10:07:52.243  1076  1076 D OplusLayer: setBuffer sequence=162467, name=com.example.dogglers/androidx.test.core.app.InstrumentationActivityInvoker$EmptyActivity#0
10-10 10:07:52.243  1076  1076 I OplusLayer: VRR [FRTC] update from -1 to 0
10-10 10:07:52.244 10765 10880 D SurfaceComposerClient: VRR [FRTC] client handle [bufferId:18446744073709551615 framenumber:0] [ffffffff, ffffffff]
10-10 10:07:52.246  1076  1076 D OplusMovieIdle: updateLayerStacks,mOmiSupport is not supoort
10-10 10:07:52.252  1027  1027 E vendor.qti.hardware.perf@2.2-service: Unknown params
10-10 10:07:52.252  1027  4918 E ANDR-PERF-LM: ThreadHelper: thread_callback() 145: More than one pending updates!!! This should not happen. MeterMgr should avoid this case.
10-10 10:07:52.254  1027  1027 E vendor.qti.hardware.perf@2.2-service: Unknown params
10-10 10:07:52.254  1076  1076 D OplusLayer: ~Layer() sequence=162461, name=Surface(name=b9a9e91 StatusBar)/@0x7c4a536 - animation-leash of insets_animation#0 0xb4000077fd990f80
10-10 10:07:52.255  1076  1076 D OplusLayer: ~Layer() sequence=162462, name=Surface(name=135cfa4 NavigationBar0)/@0x9a066d3 - animation-leash of insets_animation#0 0xb4000077fd995bc0
10-10 10:07:52.255   588   588 I hwservicemanager: getTransport: Cannot find entry vendor.qti.hardware.iop@2.0::IIop/default in either framework or device VINTF manifest.
10-10 10:07:52.257  1027  4918 E ANDR-PERF-LM: ThreadHelper: thread_callback() 145: More than one pending updates!!! This should not happen. MeterMgr should avoid this case.
10-10 10:07:52.257  1835  2094 I ActivityTaskManager: Displayed com.example.dogglers/androidx.test.core.app.InstrumentationActivityInvoker$EmptyActivity: +135ms
10-10 10:07:52.258  1076  1076 D OplusMovieIdle: updateLayerStacks,mOmiSupport is not supoort
10-10 10:07:52.259   588   588 I hwservicemanager: getTransport: Cannot find entry vendor.qti.hardware.iop@2.0::IIop/default in either framework or device VINTF manifest.
10-10 10:07:52.272  1046  1046 E ORMS_HAL: open /sys/devices/platform/soc/soc:oplus-omrg/oplus-omrg0/ruler_enable failed(No such file or directory)
10-10 10:07:52.273  1046  1046 E ORMS_HAL: open /sys/devices/platform/soc/soc:oplus-omrg/oplus-omrg0/ruler_enable failed(No such file or directory)
10-10 10:07:52.276  1076  1076 D OplusMovieIdle: updateLayerStacks,mOmiSupport is not supoort
10-10 10:07:52.277  1027  1027 E vendor.qti.hardware.perf@2.2-service: Unknown params
10-10 10:07:52.277  1027  1027 E vendor.qti.hardware.perf@2.2-service: Unknown params
10-10 10:07:52.278  1835  5392 I FocusResolver: updateFocusedWindow, e788005 com.example.dogglers/androidx.test.core.app.InstrumentationActivityInvoker$EmptyActivity on display 0, reason: Window became focusable. Previous reason: NOT_VISIBLE, result:   FocusedWindows:
10-10 10:07:52.278  1835  5392 I FocusResolver:     displayId=0, name='e788005 com.example.dogglers/androidx.test.core.app.InstrumentationActivityInvoker$EmptyActivity'
10-10 10:07:52.278  1027  1027 E vendor.qti.hardware.perf@2.2-service: Unknown params
10-10 10:07:52.278  1027  4918 E ANDR-PERF-LM: ThreadHelper: thread_callback() 145: More than one pending updates!!! This should not happen. MeterMgr should avoid this case.
10-10 10:07:52.278  1027  1027 E vendor.qti.hardware.perf@2.2-service: Unknown params
10-10 10:07:52.279 10765 10765 D LifecycleMonitor: Lifecycle status change: com.example.dogglers.VerticalListActivity@f0320a6 in: STOPPED
10-10 10:07:52.279   588   588 I hwservicemanager: getTransport: Cannot find entry vendor.qti.hardware.iop@2.0::IIop/default in either framework or device VINTF manifest.
10-10 10:07:52.279 10765 10765 V ActivityScenario: Update currentActivityStage to STOPPED, currentActivity=com.example.dogglers.VerticalListActivity@f0320a6
10-10 10:07:52.280   588   588 I hwservicemanager: getTransport: Cannot find entry vendor.qti.hardware.iop@2.0::IIop/default in either framework or device VINTF manifest.
10-10 10:07:52.280  1027  1027 E vendor.qti.hardware.perf@2.2-service: Unknown params
10-10 10:07:52.283 10765 10765 D LifecycleMonitor: Lifecycle status change: com.example.dogglers.VerticalListActivity@f0320a6 in: DESTROYED
10-10 10:07:52.283 10765 10765 V ActivityScenario: Update currentActivityStage to DESTROYED, currentActivity=null
10-10 10:07:52.286  1835  5756 D ActivityTrigger: ActivityTrigger activityPauseTrigger
10-10 10:07:52.290  1027  1175 E ANDR-PERF-OPTSHANDLER: Perflock resource /sys/class/devfreq/soc:qcom,cpu0-cpu-llcc-lat/mem_latency/ratio_ceil not supported
10-10 10:07:52.290  1027  1175 E ANDR-PERF-RESOURCEQS: Failed to apply optimization [13, 8]
10-10 10:07:52.290  1027  1175 E ANDR-PERF-OPTSHANDLER: Perflock resource /sys/class/devfreq/soc:qcom,cpu4-cpu-llcc-lat/mem_latency/ratio_ceil not supported
10-10 10:07:52.290  1027  1175 E ANDR-PERF-RESOURCEQS: Failed to apply optimization [13, 9]
10-10 10:07:52.290  1027  1175 E ANDR-PERF-OPTSHANDLER: Min bounds check failed
10-10 10:07:52.290  1027  1175 E ANDR-PERF-OPTSHANDLER: Error! Perflock failed, invalid request value 14236
10-10 10:07:52.290  1027  1175 E ANDR-PERF-RESOURCEQS: Failed to apply optimization [6, 6]
10-10 10:07:52.291  1076  1076 D OplusMovieIdle: updateLayerStacks,mOmiSupport is not supoort
10-10 10:07:52.296 10765 10797 E BLASTBufferQueue: BLASTBufferItemConsumer::onDisconnect()
10-10 10:07:52.299  1835  5756 W InputManager-JNI: Input channel object '896679f com.example.dogglers/com.example.dogglers.VerticalListActivity (client)' was disposed without first being removed with the input manager!
10-10 10:07:52.305  1076  1076 D OplusLayer: ~Layer() sequence=162460, name=com.example.dogglers/com.example.dogglers.VerticalListActivity#0 0xb4000077fd61ba00
10-10 10:07:52.308  1076  1076 D OplusMovieIdle: updateLayerStacks,mOmiSupport is not supoort
10-10 10:07:52.321 10765 10765 D LifecycleMonitor: Lifecycle status change: androidx.test.core.app.InstrumentationActivityInvoker$EmptyActivity@cedd581 in: PAUSED
10-10 10:07:52.321  1076  1076 D OplusLayer: ~Layer() sequence=162435, name=Surface(name=9f74209 InputMethod)/@0x5b9743c - animation-leash of insets_animation#1 0xb4000077fd919040
10-10 10:07:52.322 10765 10765 V ActivityScenario: Activity lifecycle changed event received but ignored because the intent does not match. startActivityIntent=Intent { act=android.intent.action.MAIN cat=[android.intent.category.LAUNCHER] cmp=com.example.dogglers/.VerticalListActivity }, activity.getIntent()=Intent { act=android.intent.action.MAIN cat=[android.intent.category.LAUNCHER] flg=0x10000000 cmp=com.example.dogglers/androidx.test.core.app.InstrumentationActivityInvoker$EmptyActivity mCallingUid=10438 }, activity=androidx.test.core.app.InstrumentationActivityInvoker$EmptyActivity@cedd581
10-10 10:07:52.322  1076  1076 D OplusLayer: ~Layer() sequence=162455, name=ActivityRecord{fa7b0bc u0 com.example.dogglers/.VerticalListActivity#0 0xb4000077fd93dcc0
10-10 10:07:52.322  1076  1076 D OplusLayer: ~Layer() sequence=162459, name=896679f com.example.dogglers/com.example.dogglers.VerticalListActivity#0 0xb4000077fd6164c0
10-10 10:07:52.322  1076  1076 D OplusLayer: ~Layer() sequence=162464, name=Surface(name=9f74209 InputMethod)/@0x5b9743c - animation-leash of insets_animation#1 0xb4000077fdb11780
10-10 10:07:52.324  1027  1027 E vendor.qti.hardware.perf@2.2-service: Unknown params
10-10 10:07:52.325  1076  1076 D OplusMovieIdle: updateLayerStacks,mOmiSupport is not supoort
10-10 10:07:52.325  1027  1176 W ANDR-PERF-LM: MetaMeter: handlePrimaryAsync() 116: PreKill MetaMeter. No MeterMgr Available to handle this Primary Async. !!!!
10-10 10:07:52.330  1835  5756 I InputDispatcher: setFocusedApplication displayId=0 ActivityRecord{bda695f u0 com.example.dogglers/androidx.test.core.app.InstrumentationActivityInvoker$EmptyActivity t16872}
10-10 10:07:52.332  1835  5756 D Theia.NoFocusWindow: FocusWindowErrorScene CheckFreezeScreen
10-10 10:07:52.340  1076  1076 D OplusMovieIdle: updateLayerStacks,mOmiSupport is not supoort
10-10 10:07:52.340  1835  5392 D InputMethodManagerService: isSecurity: attribute.packageName=com.example.dogglers mCurMethodId=com.google.android.inputmethod.latin/com.android.inputmethod.latin.LatinIME
10-10 10:07:52.341  1835  5392 D InputMethodManagerService: isSecurity= false (  enable=false needShow=false inBlackList=false isExist=false )
10-10 10:07:52.341  1835  5392 D InputMethodManagerService: isSecurity: attribute.packageName=com.example.dogglers mCurMethodId=com.google.android.inputmethod.latin/com.android.inputmethod.latin.LatinIME
10-10 10:07:52.341  1835  5392 D InputMethodManagerService: isSecurity= false (  enable=false needShow=false inBlackList=false isExist=false )
10-10 10:07:52.341  1835  5392 D InputMethodManagerService: startInputOrWindowGainedFocus:  reset Secure =false
10-10 10:07:52.343 10765 10765 D LifecycleMonitor: Lifecycle status change: androidx.test.core.app.InstrumentationActivityInvoker$BootstrapActivity@f0183fc in: DESTROYED
10-10 10:07:52.344 10765 10765 V ActivityScenario: Activity lifecycle changed event received but ignored because the intent does not match. startActivityIntent=Intent { act=android.intent.action.MAIN cat=[android.intent.category.LAUNCHER] cmp=com.example.dogglers/.VerticalListActivity }, activity.getIntent()=Intent { act=android.intent.action.MAIN cat=[android.intent.category.LAUNCHER] flg=0x10008000 cmp=com.example.dogglers/androidx.test.core.app.InstrumentationActivityInvoker$BootstrapActivity (has extras) mCallingUid=10438 }, activity=androidx.test.core.app.InstrumentationActivityInvoker$BootstrapActivity@f0183fc
10-10 10:07:52.346  1046  1046 E ORMS_HAL: open /sys/devices/platform/soc/soc:oplus-omrg/oplus-omrg0/ruler_enable failed(No such file or directory)
10-10 10:07:52.347  1046  1046 E ORMS_HAL: open /sys/devices/platform/soc/soc:oplus-omrg/oplus-omrg0/ruler_enable failed(No such file or directory)
10-10 10:07:52.354 10765 10765 D LifecycleMonitor: Lifecycle status change: androidx.test.core.app.InstrumentationActivityInvoker$EmptyActivity@e0a15ac in: PRE_ON_CREATE
10-10 10:07:52.355  1076  1076 D OplusLayer: ~Layer() sequence=162452, name=ActivityRecord{b40a365 u0 com.example.dogglers/androidx.test.core.app.InstrumentationActivityInvoker$BootstrapActivity#0 0xb4000077fd67c540
10-10 10:07:52.355 10765 10765 V ActivityScenario: Activity lifecycle changed event received but ignored because the intent does not match. startActivityIntent=Intent { act=android.intent.action.MAIN cat=[android.intent.category.LAUNCHER] cmp=com.example.dogglers/.VerticalListActivity }, activity.getIntent()=Intent { act=android.intent.action.MAIN cat=[android.intent.category.LAUNCHER] flg=0x10000000 cmp=com.example.dogglers/androidx.test.core.app.InstrumentationActivityInvoker$EmptyActivity mCallingUid=10438 }, activity=androidx.test.core.app.InstrumentationActivityInvoker$EmptyActivity@e0a15ac
10-10 10:07:52.356  1835  5756 I FocusResolver: updateFocusedWindow,  on display 0, reason: NO_WINDOW, result:   FocusedWindows: <none>
10-10 10:07:52.357  1076  1076 D OplusMovieIdle: updateLayerStacks,mOmiSupport is not supoort
10-10 10:07:52.373 10765 10765 D LifecycleMonitor: Lifecycle status change: androidx.test.core.app.InstrumentationActivityInvoker$EmptyActivity@e0a15ac in: CREATED
10-10 10:07:52.373 10765 10765 V ActivityScenario: Activity lifecycle changed event received but ignored because the intent does not match. startActivityIntent=Intent { act=android.intent.action.MAIN cat=[android.intent.category.LAUNCHER] cmp=com.example.dogglers/.VerticalListActivity }, activity.getIntent()=Intent { act=android.intent.action.MAIN cat=[android.intent.category.LAUNCHER] flg=0x10000000 cmp=com.example.dogglers/androidx.test.core.app.InstrumentationActivityInvoker$EmptyActivity mCallingUid=10438 }, activity=androidx.test.core.app.InstrumentationActivityInvoker$EmptyActivity@e0a15ac
10-10 10:07:52.375 10765 10765 D LifecycleMonitor: Lifecycle status change: androidx.test.core.app.InstrumentationActivityInvoker$EmptyActivity@e0a15ac in: STARTED
10-10 10:07:52.376 10765 10765 V ActivityScenario: Activity lifecycle changed event received but ignored because the intent does not match. startActivityIntent=Intent { act=android.intent.action.MAIN cat=[android.intent.category.LAUNCHER] cmp=com.example.dogglers/.VerticalListActivity }, activity.getIntent()=Intent { act=android.intent.action.MAIN cat=[android.intent.category.LAUNCHER] flg=0x10000000 cmp=com.example.dogglers/androidx.test.core.app.InstrumentationActivityInvoker$EmptyActivity mCallingUid=10438 }, activity=androidx.test.core.app.InstrumentationActivityInvoker$EmptyActivity@e0a15ac
10-10 10:07:52.378  1027  1175 E ANDR-PERF-OPTSHANDLER: Perflock resource /sys/class/devfreq/soc:qcom,cpu0-cpu-llcc-lat/mem_latency/ratio_ceil not supported
10-10 10:07:52.379  1027  1175 E ANDR-PERF-RESOURCEQS: Failed to apply optimization [13, 8]
10-10 10:07:52.379  1027  1175 E ANDR-PERF-OPTSHANDLER: Perflock resource /sys/class/devfreq/soc:qcom,cpu4-cpu-llcc-lat/mem_latency/ratio_ceil not supported
10-10 10:07:52.379  1027  1175 E ANDR-PERF-RESOURCEQS: Failed to apply optimization [13, 9]
10-10 10:07:52.379  1027  1175 E ANDR-PERF-OPTSHANDLER: Min bounds check failed
10-10 10:07:52.379  1027  1175 E ANDR-PERF-OPTSHANDLER: Error! Perflock failed, invalid request value 14236
10-10 10:07:52.379  1027  1175 E ANDR-PERF-RESOURCEQS: Failed to apply optimization [6, 6]
10-10 10:07:52.380 10765 10765 D LifecycleMonitor: Lifecycle status change: androidx.test.core.app.InstrumentationActivityInvoker$EmptyActivity@e0a15ac in: RESUMED
10-10 10:07:52.381 10765 10765 V ActivityScenario: Activity lifecycle changed event received but ignored because the intent does not match. startActivityIntent=Intent { act=android.intent.action.MAIN cat=[android.intent.category.LAUNCHER] cmp=com.example.dogglers/.VerticalListActivity }, activity.getIntent()=Intent { act=android.intent.action.MAIN cat=[android.intent.category.LAUNCHER] flg=0x10000000 cmp=com.example.dogglers/androidx.test.core.app.InstrumentationActivityInvoker$EmptyActivity mCallingUid=10438 }, activity=androidx.test.core.app.InstrumentationActivityInvoker$EmptyActivity@e0a15ac
10-10 10:07:52.387 10765 10765 D WindowManager: Add to mViews: DecorView@fd8e098[InstrumentationActivityInvoker$EmptyActivity],pkg= com.example.dogglers
10-10 10:07:52.391  1835  4956 D OplusDisplayPolicy: com.example.dogglers, no change cutoutMode: 0
10-10 10:07:52.402  1835  4956 D OplusDisplayPolicy: com.example.dogglers, no change cutoutMode: 0
10-10 10:07:52.406  1076  1076 D OplusMovieIdle: updateLayerStacks,mOmiSupport is not supoort
10-10 10:07:52.414  1835  4956 D Theia.NoFocusWindow: FocusWindowErrorScene cancelCheckFreezeScreen
10-10 10:07:52.424  1076  1076 D OplusMovieIdle: updateLayerStacks,mOmiSupport is not supoort
10-10 10:07:52.428  1076  1076 D OplusLayer: setBuffer sequence=162473, name=com.example.dogglers/androidx.test.core.app.InstrumentationActivityInvoker$EmptyActivity#1
10-10 10:07:52.428  1076  1076 I OplusLayer: VRR [FRTC] update from -1 to 0
10-10 10:07:52.429 10765 10880 D SurfaceComposerClient: VRR [FRTC] client handle [bufferId:18446744073709551615 framenumber:0] [ffffffff, ffffffff]
10-10 10:07:52.433  1076  1076 D OplusMovieIdle: updateLayerStacks,mOmiSupport is not supoort
10-10 10:07:52.436  1027  1027 E vendor.qti.hardware.perf@2.2-service: Unknown params
10-10 10:07:52.437  1027  4918 E ANDR-PERF-LM: ThreadHelper: thread_callback() 145: More than one pending updates!!! This should not happen. MeterMgr should avoid this case.
10-10 10:07:52.438  1076  1076 D OplusLayer: ~Layer() sequence=162469, name=Surface(name=135cfa4 NavigationBar0)/@0x9a066d3 - animation-leash of insets_animation#1 0xb4000077fd60d940
10-10 10:07:52.438  1076  1076 D OplusLayer: ~Layer() sequence=162468, name=Surface(name=b9a9e91 StatusBar)/@0x7c4a536 - animation-leash of insets_animation#1 0xb4000077fd950400
10-10 10:07:52.440  1027  1027 E vendor.qti.hardware.perf@2.2-service: Unknown params
10-10 10:07:52.440  1027  4918 E ANDR-PERF-LM: ThreadHelper: thread_callback() 145: More than one pending updates!!! This should not happen. MeterMgr should avoid this case.
10-10 10:07:52.440   588   588 I hwservicemanager: getTransport: Cannot find entry vendor.qti.hardware.iop@2.0::IIop/default in either framework or device VINTF manifest.
10-10 10:07:52.441  1835  2094 I ActivityTaskManager: Displayed com.example.dogglers/androidx.test.core.app.InstrumentationActivityInvoker$EmptyActivity: +166ms
10-10 10:07:52.442   588   588 I hwservicemanager: getTransport: Cannot find entry vendor.qti.hardware.iop@2.0::IIop/default in either framework or device VINTF manifest.
10-10 10:07:52.444  1076  1076 D OplusMovieIdle: updateLayerStacks,mOmiSupport is not supoort
10-10 10:07:52.450 10765 10765 D LifecycleMonitor: Lifecycle status change: androidx.test.core.app.InstrumentationActivityInvoker$EmptyActivity@cedd581 in: STOPPED
10-10 10:07:52.451 10765 10765 V ActivityScenario: Activity lifecycle changed event received but ignored because the intent does not match. startActivityIntent=Intent { act=android.intent.action.MAIN cat=[android.intent.category.LAUNCHER] cmp=com.example.dogglers/.VerticalListActivity }, activity.getIntent()=Intent { act=android.intent.action.MAIN cat=[android.intent.category.LAUNCHER] flg=0x10000000 cmp=com.example.dogglers/androidx.test.core.app.InstrumentationActivityInvoker$EmptyActivity mCallingUid=10438 }, activity=androidx.test.core.app.InstrumentationActivityInvoker$EmptyActivity@cedd581
10-10 10:07:52.453  1835  5392 D ActivityTrigger: ActivityTrigger activityPauseTrigger
10-10 10:07:52.455  1835  5756 I FocusResolver: updateFocusedWindow, 66cabdc com.example.dogglers/androidx.test.core.app.InstrumentationActivityInvoker$EmptyActivity on display 0, reason: Window became focusable. Previous reason: NOT_VISIBLE, result:   FocusedWindows:
10-10 10:07:52.455  1835  5756 I FocusResolver:     displayId=0, name='66cabdc com.example.dogglers/androidx.test.core.app.InstrumentationActivityInvoker$EmptyActivity'
10-10 10:07:52.457  1076  1076 D OplusMovieIdle: updateLayerStacks,mOmiSupport is not supoort
10-10 10:07:52.463  1046  1046 E ORMS_HAL: open /sys/devices/platform/soc/soc:oplus-omrg/oplus-omrg0/ruler_enable failed(No such file or directory)
10-10 10:07:52.464  1046  1046 E ORMS_HAL: open /sys/devices/platform/soc/soc:oplus-omrg/oplus-omrg0/ruler_enable failed(No such file or directory)
10-10 10:07:52.465  1835  4956 D Theia.NoFocusWindow: FocusWindowErrorScene CheckFreezeScreen
10-10 10:07:52.466  1835  4956 I InputDispatcher: setFocusedApplication displayId=0 ActivityRecord{83ffe u0 com.android.launcher/.Launcher t5}
10-10 10:07:52.467  1046  1046 E ORMS_HAL: open /sys/devices/platform/soc/soc:oplus-omrg/oplus-omrg0/ruler_enable failed(No such file or directory)
10-10 10:07:52.467  1046  1046 E ORMS_HAL: open /sys/devices/platform/soc/soc:oplus-omrg/oplus-omrg0/ruler_enable failed(No such file or directory)
10-10 10:07:52.468  1046  1046 E ORMS_HAL: open /sys/class/devfreq/soc:qcom,cpu0-llcc-ddr-lat/max_freq failed(No such file or directory)
10-10 10:07:52.468  1046  1046 E ORMS_HAL: open /sys/class/devfreq/soc:qcom,cpu6-llcc-ddr-lat/max_freq failed(No such file or directory)
10-10 10:07:52.468  1046  1046 E ORMS_HAL: open /sys/class/devfreq/soc:qcom,cpu-cpu-llcc-bw/bw_hwmon/hyst_trigger_count failed(No such file or directory)
10-10 10:07:52.471  1835  5392 I FocusResolver: updateFocusedWindow,  on display 0, reason: NO_WINDOW, result:   FocusedWindows: <none>
10-10 10:07:52.472  1027  1175 E ANDR-PERF-OPTSHANDLER: Perflock resource /sys/class/devfreq/soc:qcom,cpu0-cpu-llcc-lat/mem_latency/ratio_ceil not supported
10-10 10:07:52.472  1027  1175 E ANDR-PERF-RESOURCEQS: Failed to apply optimization [13, 8]
10-10 10:07:52.472  1027  1175 E ANDR-PERF-OPTSHANDLER: Perflock resource /sys/class/devfreq/soc:qcom,cpu4-cpu-llcc-lat/mem_latency/ratio_ceil not supported
10-10 10:07:52.472  1027  1175 E ANDR-PERF-RESOURCEQS: Failed to apply optimization [13, 9]
10-10 10:07:52.472  1027  1175 E ANDR-PERF-OPTSHANDLER: Min bounds check failed
10-10 10:07:52.472  1027  1175 E ANDR-PERF-OPTSHANDLER: Error! Perflock failed, invalid request value 14236
10-10 10:07:52.472  1027  1175 E ANDR-PERF-RESOURCEQS: Failed to apply optimization [6, 6]
10-10 10:07:52.472  1003  5145 E sensors-hal: ssc_conn_event_cb:647, event[0] msg_id=1025, ts=27367914644183 sensor_type = device_orient  Wakeup
10-10 10:07:52.472  1003  5145 E sensors-hal: handle_sns_client_event:56, ro.build.flavor defined by oplus
10-10 10:07:52.472  1003  5145 E sensors-hal: handle_sns_client_event:114, device_orient_event:oplus ts=1425407545457836, type=0, count=14188
10-10 10:07:52.474  1027  1175 E ANDR-PERF-OPTSHANDLER: Perflock resource /sys/class/devfreq/soc:qcom,cpu0-cpu-llcc-lat/mem_latency/ratio_ceil not supported
10-10 10:07:52.474  1027  1175 E ANDR-PERF-RESOURCEQS: Failed to apply optimization [13, 8]
10-10 10:07:52.474  1027  1175 E ANDR-PERF-OPTSHANDLER: Perflock resource /sys/class/devfreq/soc:qcom,cpu4-cpu-llcc-lat/mem_latency/ratio_ceil not supported
10-10 10:07:52.474  1027  1175 E ANDR-PERF-RESOURCEQS: Failed to apply optimization [13, 9]
10-10 10:07:52.480 10765 10797 E BLASTBufferQueue: BLASTBufferItemConsumer::onDisconnect()
10-10 10:07:52.487  3496  6414 E Battery : ChargeProtectionUtils: First Alarm is Sun Oct 09 21:00:00 GMT+01:00 2022, nowRtc  = Mon Oct 10 10:07:52 GMT+01:00 2022, too close , ignore it.
10-10 10:07:52.489  1835  2176 I OplusHansManager : unfreeze uid: 10248 com.spotify.music pids: [22670] reason: Broadcast scene: LcdOn
10-10 10:07:52.489  1076  1076 D OplusMovieIdle: updateLayerStacks,mOmiSupport is not supoort
10-10 10:07:52.491  1835  3252 I OplusHansManager : uid=10248, pkg=com.spotify.music, transition from Frozen to Middle, reason=Broadcast
10-10 10:07:52.491  1835  3252 I OplusHansManager : uid=10248, pkg=com.spotify.music F exit(), reason=Broadcast
10-10 10:07:52.493 29622 29622 I Choreographer: Skipped 32 frames!  The application may be doing too much work on its main thread.
10-10 10:07:52.494  1835  2176 I OplusHansManager : unfreeze uid: 10351 ng.mtn.nextgen pids: [29622] reason: Broadcast scene: LcdOn
10-10 10:07:52.495  1835  3252 I OplusHansManager : uid=10351, pkg=ng.mtn.nextgen, transition from Frozen to Middle, reason=Broadcast
10-10 10:07:52.495  1835  3252 I OplusHansManager : uid=10351, pkg=ng.mtn.nextgen F exit(), reason=Broadcast
10-10 10:07:52.501 10765 10765 D LifecycleMonitor: Lifecycle status change: androidx.test.core.app.InstrumentationActivityInvoker$EmptyActivity@e0a15ac in: PAUSED
10-10 10:07:52.501 10765 10765 V ActivityScenario: Activity lifecycle changed event received but ignored because the intent does not match. startActivityIntent=Intent { act=android.intent.action.MAIN cat=[android.intent.category.LAUNCHER] cmp=com.example.dogglers/.VerticalListActivity }, activity.getIntent()=Intent { act=android.intent.action.MAIN cat=[android.intent.category.LAUNCHER] flg=0x10000000 cmp=com.example.dogglers/androidx.test.core.app.InstrumentationActivityInvoker$EmptyActivity mCallingUid=10438 }, activity=androidx.test.core.app.InstrumentationActivityInvoker$EmptyActivity@e0a15ac
10-10 10:07:52.504  1027  1027 E vendor.qti.hardware.perf@2.2-service: Unknown params
10-10 10:07:52.505  1835  5756 V SensorManager: call sensorServiceCommonInterface name: setScreenShotDisable
10-10 10:07:52.505  1835  5756 D SensorService: SensorService sensorServiceCommonInterface = setScreenShotDisable
10-10 10:07:52.505  1835  5756 D SensorServiceImpl: SensorServiceExtImpl sensorServiceCommonInterface funcName= setScreenShotDisable , flag =0, status =0
10-10 10:07:52.505  1835  5756 I OplusHansManager : front pkg: com.android.launcher, uid: 10092, prev pkg: com.example.dogglers, prev uid: 10438
10-10 10:07:52.505  1835  4424 I OplusHansManager : notifyAppGoForeground, uid=10092
10-10 10:07:52.505  1835  4424 I OplusHansManager : notifyAppGoBackground, uid=10438
10-10 10:07:52.506  1835  3252 I OplusHansManager : uid=10438, pkg=com.example.dogglers enter SM
10-10 10:07:52.506  1835  3016 I Osense-DecisionMaker: notifySceneToPolicy...SCENE_LAUNCHER
10-10 10:07:52.506  1835  3252 I OplusHansManager : uid=10438, pkg=com.example.dogglers R enter()
10-10 10:07:52.506  1835  3016 D Osense-DecisionMaker: getCurrentSysStats, memMb: 1653
10-10 10:07:52.506  1835  3262 I OplusResourcePreloadManager: resume pkg: com.android.launcher, uid:10092, prev pkg: com.example.dogglers, prev uid: 10438
10-10 10:07:52.508  1835  3594 V DCSEX-AppSwitchManager: OnAppSwitchObserver: onAppExit, resuming = com.android.launcher, target = com.example.dogglers, is ResumingFirstStart =  false, is ResumingMultiApp =  false, extensionInfo =  Bundle[{taskId=5, uid=10092}]
10-10 10:07:52.509  1835  9058 D DCSEX-AppLaunchEventRecorder: onAppSwitch from = com.example.dogglers to = com.android.launcher
10-10 10:07:52.509  1835  9058 D DCSEX-AppLaunchEventRecorder: recordExitApp = com.example.dogglers
10-10 10:07:52.509  1835  9058 E OplusTrack-ApkInfoUtil: java.lang.NullPointerException: Attempt to invoke virtual method 'java.lang.Object android.os.Bundle.get(java.lang.String)' on a null object reference
10-10 10:07:52.509  1835  9058 W System.err: java.lang.NullPointerException: Attempt to invoke virtual method 'java.lang.Object android.os.Bundle.get(java.lang.String)' on a null object reference
10-10 10:07:52.509  1835  9058 W System.err: 	at com.oplus.statistics.h.b.d(ApkInfoUtil.java:136)
10-10 10:07:52.509  1835  9058 W System.err: 	at com.oplus.statistics.b.b.a(TrackEvent.java:141)
10-10 10:07:52.509  1835  9058 W System.err: 	at com.oplus.statistics.b.b.<init>(TrackEvent.java:47)
10-10 10:07:52.509  1835  9058 W System.err: 	at com.oplus.statistics.b.a.<init>(CommonBean.java:37)
10-10 10:07:52.510  1835  3594 V DCSEX-AppSwitchManager: OnAppSwitchObserver: onAppEnter, launchedFrom =  null, target =  com.android.launcher, is firstStart =  false, is multiApp =  false, extensionInfo =  Bundle[{taskId=5, pid=3410, uid=10092}]
10-10 10:07:52.511  3496 25260 D AppSwitchListener: onAppExit() called !
10-10 10:07:52.511  1835  2551 E AthenaService: MemoryGuardAction: handleAppChange
10-10 10:07:52.511  1835  9058 W System.err: 	at com.oplus.statistics.c.a(OplusTrack.java:223)
10-10 10:07:52.512  1835  9058 W System.err: 	at com.oplus.statistics.e.a.a$a.a(AppLaunchEventRecorder.java:116)
10-10 10:07:52.512  1835  9058 W System.err: 	at com.oplus.statistics.e.a.a$a.a(AppLaunchEventRecorder.java:75)
10-10 10:07:52.512  1835  9058 W System.err: 	at com.oplus.statistics.e.a.-$$Lambda$2fHLmT8JZlr5OzkT2xnqiCVdLEk.onAppSwitch(Unknown Source:2)
10-10 10:07:52.512  1835  9058 W System.err: 	at com.oplus.statistics.c.b.a(AppSwitchMonitor.java:96)
10-10 10:07:52.512  1835  9058 W System.err: 	at com.oplus.statistics.c.b.lambda$yF2sSrETF4wpk07pjuI1ubPVnB8(Unknown Source:0)
10-10 10:07:52.512  1835  9058 W System.err: 	at com.oplus.statistics.c.-$$Lambda$b$yF2sSrETF4wpk07pjuI1ubPVnB8.accept(Unknown Source:4)
10-10 10:07:52.512  1835  9058 W System.err: 	at java.util.concurrent.CopyOnWriteArrayList.forEach(CopyOnWriteArrayList.java:811)
10-10 10:07:52.512  1835  9058 W System.err: 	at com.oplus.statistics.c.b.b(AppSwitchMonitor.java:96)
10-10 10:07:52.512  1835  9058 W System.err: 	at com.oplus.statistics.c.b.lambda$fX4Hi7f3z5t3AW9aa0q-E6iGF5w(Unknown Source:0)
10-10 10:07:52.512  1835  9058 W System.err: 	at com.oplus.statistics.c.-$$Lambda$b$fX4Hi7f3z5t3AW9aa0q-E6iGF5w.run(Unknown Source:4)
10-10 10:07:52.512  1835  9058 W System.err: 	at java.util.concurrent.ThreadPoolExecutor.runWorker(ThreadPoolExecutor.java:1137)
10-10 10:07:52.512  1835  9058 W System.err: 	at java.util.concurrent.ThreadPoolExecutor$Worker.run(ThreadPoolExecutor.java:637)
10-10 10:07:52.512  1835  9058 W System.err: 	at java.lang.Thread.run(Thread.java:1012)
10-10 10:07:52.512  1835  9058 W OplusTrack-TrackEvent: appId is empty
10-10 10:07:52.508  4460  4460 W Binder:4460_1: type=1400 audit(0.0:998176): avc: denied { read } for name="ac" dev="sysfs" ino=53024 scontext=u:r:horae:s0 tcontext=u:object_r:vendor_sysfs_usb_supply:s0 tclass=lnk_file permissive=0
10-10 10:07:52.508  4460  4460 W Binder:4460_1: type=1400 audit(0.0:998177): avc: denied { read } for name="usb" dev="sysfs" ino=53061 scontext=u:r:horae:s0 tcontext=u:object_r:vendor_sysfs_usb_supply:s0 tclass=lnk_file permissive=0
10-10 10:07:52.508  1835  1835 W android.display: type=1400 audit(0.0:998178): avc: denied { write } for name="fg_uids" dev="proc" ino=4026532193 scontext=u:r:system_server:s0 tcontext=u:object_r:oplus_fg_uid_proc:s0 tclass=file permissive=0
10-10 10:07:52.516 16085 16112 D AudioPolicyService: updateUidStates_l() current->uid=10140 current->pid=9571 allowCapture=1 UidState=5 apmStat=1
10-10 10:07:52.519 16231 21093 D OplusAtlas.OplusAtlasEventDispatch: setEvent:atlas_event_on_foreground_activities_changed info:pid:3410,uid:10092,hasForegroundActivities:1
10-10 10:07:52.519 16231 16249 D OplusAtlas.OplusAudioScene: callback success event:atlas_event_on_foreground_activities_changed eventInfo:pid:3410,uid:10092,hasForegroundActivities:1
10-10 10:07:52.519 16231 16261 D OplusAtlas.OplusMessageHandler: handleMessage: Msg { when=0 what=2 obj=com.oplus.atlas.OplusAtlasEvent@89edd58 target=com.oplus.atlas.OplusMessageHandler$MyHandler }
10-10 10:07:52.520  5859 20015 V DeepThinker: ProcessManager: onForegroundActivitiesChanged pid:3410, uid:10092, foregroundActivities:true
10-10 10:07:52.521 10538 25206 D ZoomAppController: ignore onAppEnter: mCurrentZoomInfo is null
10-10 10:07:52.522  3496 10097 W Battery : ThermalControlUtils: mForegroundPkg=com.android.launcher
10-10 10:07:52.524  1076  1326 I VRR [FRTC]: setFrameRateTarget with [0, com.example.dogglers, 0, com.oplus.battery]
10-10 10:07:52.524  1076  1326 W VRR [FRTC]: invalid param { fps 0, proc_name com.example.dogglers, strict_mode 0, description com.oplus.battery, rate_status 0, backend Surface, enable at 2022-10-10 10:07:52, disable waiting } for current status.
10-10 10:07:52.524  1076  1326 W VRR [FRTC]: CurrentTarget size 0:
10-10 10:07:52.527  3496 10097 W Battery : ThermalControllHandler: tempLevel=6,userMode=2,gameUserMode=-1,appType=-1,envTempType=0,appStates=[]
10-10 10:07:52.530  3496 10097 W Battery : ThermalControllerCenter: mSafetyState=10000
10-10 10:07:52.531  3496 10097 W Battery : ThermalControllHandler: tempGear=6,configItemName=common_config
10-10 10:07:52.536 16085 16112 D AudioPolicyService: updateUidStates_l() current->uid=10140 current->pid=9571 allowCapture=1 UidState=5 apmStat=1
10-10 10:07:52.538  1835  3612 I android_os_HwBinder: HwBinder: Starting thread pool for getting: vendor.oplus.hardware.charger@1.0::ICharger/default
10-10 10:07:52.538   588   588 I hwservicemanager: getTransport: Cannot find entry vendor.qti.hardware.iop@2.0::IIop/default in either framework or device VINTF manifest.
10-10 10:07:52.538  1835  1439 E ANDR-PERF-JNI: UXEngine Trigger - Returning null
10-10 10:07:52.538 16085 16112 D AudioPolicyService: updateUidStates_l() current->uid=10140 current->pid=9571 allowCapture=1 UidState=5 apmStat=1
10-10 10:07:52.539  1835 16266 W Binder  : Outgoing transactions from this process must be FLAG_ONEWAY
10-10 10:07:52.539  1835 16266 W Binder  : java.lang.Throwable
10-10 10:07:52.539  1835 16266 W Binder  : 	at android.os.BinderProxy.transact(BinderProxy.java:567)
10-10 10:07:52.539  1835 16266 W Binder  : 	at android.content.ContentProviderProxy.insert(ContentProviderNative.java:555)
10-10 10:07:52.539  1835 16266 W Binder  : 	at android.content.ContentProviderClient.insert(ContentProviderClient.java:347)
10-10 10:07:52.539  1835 16266 W Binder  : 	at android.content.ContentProviderClient.insert(ContentProviderClient.java:336)
10-10 10:07:52.539  1835 16266 W Binder  : 	at com.oplus.statistics.d.b.a(ContentProviderRecorder.java:81)
10-10 10:07:52.539  1835 16266 W Binder  : 	at com.oplus.statistics.d.b.a(ContentProviderRecorder.java:29)
10-10 10:07:52.539  1835 16266 W Binder  : 	at com.oplus.statistics.d.d.a(ProxyRecorder.java:28)
10-10 10:07:52.539  1835 16266 W Binder  : 	at com.oplus.statistics.a.c.a(CommonAgent.java:14)
10-10 10:07:52.539  1835 16266 W Binder  : 	at com.oplus.statistics.c.c(OplusTrack.java:264)
10-10 10:07:52.539  1835 16266 W Binder  : 	at com.oplus.statistics.c.lambda$PPWtKXWI0DlTcxUrOHoqM4tRcIQ(Unknown Source:0)
10-10 10:07:52.539  1835 16266 W Binder  : 	at com.oplus.statistics.-$$Lambda$c$PPWtKXWI0DlTcxUrOHoqM4tRcIQ.run(Unknown Source:2)
10-10 10:07:52.539  1835 16266 W Binder  : 	at android.os.Handler.handleCallback(Handler.java:938)
10-10 10:07:52.539  1835 16266 W Binder  : 	at android.os.Handler.dispatchMessage(Handler.java:99)
10-10 10:07:52.539  1835 16266 W Binder  : 	at android.os.Looper.loopOnce(Looper.java:233)
10-10 10:07:52.539  1835 16266 W Binder  : 	at android.os.Looper.loop(Looper.java:344)
10-10 10:07:52.539  1835 16266 W Binder  : 	at android.os.HandlerThread.run(HandlerThread.java:67)
10-10 10:07:52.540  8218  8253 I [0]DCS-StrategyManager: isNeedUpload: true, type: 1, appID: 0, logTag: , eventID:
10-10 10:07:52.540  3496  6523 W Battery : ThermalControllHandler: MSG_THERMAL_CONTROL_CATEGORY_CHANGED
10-10 10:07:52.543 10765 10765 D LifecycleMonitor: Lifecycle status change: androidx.test.core.app.InstrumentationActivityInvoker$EmptyActivity@cedd581 in: DESTROYED
10-10 10:07:52.543 10765 10765 V ActivityScenario: Activity lifecycle changed event received but ignored because the intent does not match. startActivityIntent=Intent { act=android.intent.action.MAIN cat=[android.intent.category.LAUNCHER] cmp=com.example.dogglers/.VerticalListActivity }, activity.getIntent()=Intent { act=android.intent.action.MAIN cat=[android.intent.category.LAUNCHER] flg=0x10000000 cmp=com.example.dogglers/androidx.test.core.app.InstrumentationActivityInvoker$EmptyActivity mCallingUid=10438 }, activity=androidx.test.core.app.InstrumentationActivityInvoker$EmptyActivity@cedd581
10-10 10:07:52.545  1835  5756 W InputManager-JNI: Input channel object 'e788005 com.example.dogglers/androidx.test.core.app.InstrumentationActivityInvoker$EmptyActivity (client)' was disposed without first being removed with the input manager!
10-10 10:07:52.553 10765 10787 I TestRunner: finished: vertical_scroll_content_at_last_position(com.example.dogglers.VerticalListTests)
