10-10 10:07:54.343  1027  1175 E ANDR-PERF-OPTSHANDLER: Perflock resource /sys/class/devfreq/soc:qcom,cpu0-cpu-llcc-lat/mem_latency/ratio_ceil not supported
10-10 10:07:54.343  1027  1175 E ANDR-PERF-RESOURCEQS: Failed to apply optimization [13, 8]
10-10 10:07:54.343  1027  1175 E ANDR-PERF-OPTSHANDLER: Perflock resource /sys/class/devfreq/soc:qcom,cpu4-cpu-llcc-lat/mem_latency/ratio_ceil not supported
10-10 10:07:54.343  1027  1175 E ANDR-PERF-RESOURCEQS: Failed to apply optimization [13, 9]
10-10 10:07:54.344 10765 10765 D LifecycleMonitor: Lifecycle status change: androidx.test.core.app.InstrumentationActivityInvoker$EmptyActivity@1b6d3e1 in: PAUSED
10-10 10:07:54.344 10765 10765 V ActivityScenario: Activity lifecycle changed event received but ignored because the intent does not match. startActivityIntent=Intent { act=android.intent.action.MAIN cat=[android.intent.category.LAUNCHER] cmp=com.example.dogglers/.VerticalListActivity }, activity.getIntent()=Intent { act=android.intent.action.MAIN cat=[android.intent.category.LAUNCHER] flg=0x10000000 cmp=com.example.dogglers/androidx.test.core.app.InstrumentationActivityInvoker$EmptyActivity mCallingUid=10438 }, activity=androidx.test.core.app.InstrumentationActivityInvoker$EmptyActivity@1b6d3e1
10-10 10:07:54.344  1835  4319 D OplusCustomizeSecurityManagerService: we can't find the BLOCK
10-10 10:07:54.346  3339  3339 D Telephony: mCanCheckRoamForSecondSlot = true
10-10 10:07:54.346  3339  3339 D Telephony: getPrimarySlot primarySlotId = 0
10-10 10:07:54.347  1027  1027 E vendor.qti.hardware.perf@2.2-service: Unknown params
10-10 10:07:54.348  1835  5756 V SensorManager: call sensorServiceCommonInterface name: setScreenShotDisable
10-10 10:07:54.348  1835  5756 D SensorService: SensorService sensorServiceCommonInterface = setScreenShotDisable
10-10 10:07:54.348  1835  5756 D SensorServiceImpl: SensorServiceExtImpl sensorServiceCommonInterface funcName= setScreenShotDisable , flag =0, status =0
10-10 10:07:54.348  1835  5756 I OplusHansManager : front pkg: com.android.launcher, uid: 10092, prev pkg: com.example.dogglers, prev uid: 10438
10-10 10:07:54.349  1835  4424 I OplusHansManager : notifyAppGoForeground, uid=10092
10-10 10:07:54.349  1835  4424 I OplusHansManager : notifyAppGoBackground, uid=10438
10-10 10:07:54.349  1835  3252 I OplusHansManager : uid=10438, pkg=com.example.dogglers enter SM
10-10 10:07:54.349  1835  3016 I Osense-DecisionMaker: notifySceneToPolicy...SCENE_LAUNCHER
10-10 10:07:54.349  1835  3016 D Osense-DecisionMaker: getCurrentSysStats, memMb: 1656
10-10 10:07:54.350  1835  3262 I OplusResourcePreloadManager: resume pkg: com.android.launcher, uid:10092, prev pkg: com.example.dogglers, prev uid: 10438
10-10 10:07:54.350  1835  4319 D OplusCustomizeSecurityManagerService: we can't find the BLOCK
10-10 10:07:54.352  1076  1076 D OplusMovieIdle: updateLayerStacks,mOmiSupport is not supoort
10-10 10:07:54.352  1835  3594 V DCSEX-AppSwitchManager: OnAppSwitchObserver: onAppExit, resuming = com.android.launcher, target = com.example.dogglers, is ResumingFirstStart =  false, is ResumingMultiApp =  false, extensionInfo =  Bundle[{taskId=5, uid=10092}]
10-10 10:07:54.352  1835  9058 D DCSEX-AppLaunchEventRecorder: onAppSwitch from = com.example.dogglers to = com.android.launcher
10-10 10:07:54.352  3339  3339 D Telephony: mCanCheckRoamForSecondSlot = true
10-10 10:07:54.352  1835  9058 D DCSEX-AppLaunchEventRecorder: recordExitApp = com.example.dogglers
10-10 10:07:54.352  3339  3339 D Telephony: getPrimarySlot primarySlotId = 0
10-10 10:07:54.353  1835  9058 E OplusTrack-ApkInfoUtil: java.lang.NullPointerException: Attempt to invoke virtual method 'java.lang.Object android.os.Bundle.get(java.lang.String)' on a null object reference
10-10 10:07:54.353  1835  5393 I FocusResolver: updateFocusedWindow,  on display 0, reason: NO_WINDOW, result:   FocusedWindows: <none>
10-10 10:07:54.353  1835  9058 W System.err: java.lang.NullPointerException: Attempt to invoke virtual method 'java.lang.Object android.os.Bundle.get(java.lang.String)' on a null object reference
10-10 10:07:54.353  1835  9058 W System.err: 	at com.oplus.statistics.h.b.d(ApkInfoUtil.java:136)
10-10 10:07:54.353  1835  9058 W System.err: 	at com.oplus.statistics.b.b.a(TrackEvent.java:141)
10-10 10:07:54.353  1835  9058 W System.err: 	at com.oplus.statistics.b.b.<init>(TrackEvent.java:47)
10-10 10:07:54.353  1835  9058 W System.err: 	at com.oplus.statistics.b.a.<init>(CommonBean.java:37)
10-10 10:07:54.353  1835  9058 W System.err: 	at com.oplus.statistics.c.a(OplusTrack.java:223)
10-10 10:07:54.354  1835  9058 W System.err: 	at com.oplus.statistics.e.a.a$a.a(AppLaunchEventRecorder.java:116)
10-10 10:07:54.354  1835  9058 W System.err: 	at com.oplus.statistics.e.a.a$a.a(AppLaunchEventRecorder.java:75)
10-10 10:07:54.354  1835  9058 W System.err: 	at com.oplus.statistics.e.a.-$$Lambda$2fHLmT8JZlr5OzkT2xnqiCVdLEk.onAppSwitch(Unknown Source:2)
10-10 10:07:54.354  1835  9058 W System.err: 	at com.oplus.statistics.c.b.a(AppSwitchMonitor.java:96)
10-10 10:07:54.354  1835  9058 W System.err: 	at com.oplus.statistics.c.b.lambda$yF2sSrETF4wpk07pjuI1ubPVnB8(Unknown Source:0)
10-10 10:07:54.354  1835  9058 W System.err: 	at com.oplus.statistics.c.-$$Lambda$b$yF2sSrETF4wpk07pjuI1ubPVnB8.accept(Unknown Source:4)
10-10 10:07:54.354  1835  9058 W System.err: 	at java.util.concurrent.CopyOnWriteArrayList.forEach(CopyOnWriteArrayList.java:811)
10-10 10:07:54.354  1835  9058 W System.err: 	at com.oplus.statistics.c.b.b(AppSwitchMonitor.java:96)
10-10 10:07:54.354  1835  9058 W System.err: 	at com.oplus.statistics.c.b.lambda$fX4Hi7f3z5t3AW9aa0q-E6iGF5w(Unknown Source:0)
10-10 10:07:54.354  1835  9058 W System.err: 	at com.oplus.statistics.c.-$$Lambda$b$fX4Hi7f3z5t3AW9aa0q-E6iGF5w.run(Unknown Source:4)
10-10 10:07:54.354  1835  9058 W System.err: 	at java.util.concurrent.ThreadPoolExecutor.runWorker(ThreadPoolExecutor.java:1137)
10-10 10:07:54.354  1835  9058 W System.err: 	at java.util.concurrent.ThreadPoolExecutor$Worker.run(ThreadPoolExecutor.java:637)
10-10 10:07:54.354  1835  9058 W System.err: 	at java.lang.Thread.run(Thread.java:1012)
10-10 10:07:54.354  1835  9058 W OplusTrack-TrackEvent: appId is empty
10-10 10:07:54.355  1835  3252 I OplusHansManager : uid=10438, pkg=com.example.dogglers R enter()
10-10 10:07:54.357  8218  8253 I [0]DCS-StrategyManager: isNeedUpload: true, type: 1, appID: 0, logTag: , eventID:
10-10 10:07:54.357 16085 16114 D AudioPolicyService: updateUidStates_l() current->uid=10140 current->pid=9571 allowCapture=1 UidState=5 apmStat=1
10-10 10:07:54.359  1835  5393 D OplusCustomizeSecurityManagerService: we can't find the BLOCK
10-10 10:07:54.360  5859 20015 V DeepThinker: ProcessManager: onForegroundActivitiesChanged pid:3410, uid:10092, foregroundActivities:true
10-10 10:07:54.360 16231 21093 D OplusAtlas.OplusAtlasEventDispatch: setEvent:atlas_event_on_foreground_activities_changed info:pid:3410,uid:10092,hasForegroundActivities:1
10-10 10:07:54.360 16231 16249 D OplusAtlas.OplusAudioScene: callback success event:atlas_event_on_foreground_activities_changed eventInfo:pid:3410,uid:10092,hasForegroundActivities:1
10-10 10:07:54.361 16231 16261 D OplusAtlas.OplusMessageHandler: handleMessage: Msg { when=0 what=2 obj=com.oplus.atlas.OplusAtlasEvent@8d07704 target=com.oplus.atlas.OplusMessageHandler$MyHandler }
10-10 10:07:54.362  3339  3339 D Telephony: mCanCheckRoamForSecondSlot = true
10-10 10:07:54.363  3339  3339 D Telephony: getPrimarySlot primarySlotId = 0
10-10 10:07:54.368  1835  5393 D OplusCustomizeSecurityManagerService: we can't find the BLOCK
10-10 10:07:54.370 16085 16114 D AudioPolicyService: updateUidStates_l() current->uid=10140 current->pid=9571 allowCapture=1 UidState=5 apmStat=1
10-10 10:07:54.370  3339  3339 D Telephony: mCanCheckRoamForSecondSlot = true
10-10 10:07:54.370  3339  3339 D Telephony: getPrimarySlot primarySlotId = 0
10-10 10:07:54.352  1835  1835 W android.display: type=1400 audit(0.0:998182): avc: denied { write } for name="fg_uids" dev="proc" ino=4026532193 scontext=u:r:system_server:s0 tcontext=u:object_r:oplus_fg_uid_proc:s0 tclass=file permissive=0
10-10 10:07:54.371 16085 16114 D AudioPolicyService: updateUidStates_l() current->uid=10140 current->pid=9571 allowCapture=1 UidState=5 apmStat=1
10-10 10:07:54.372  3496 25260 D AppSwitchListener: onAppExit() called !
10-10 10:07:54.374  3496 25260 W Battery : ThermalControlUtils: mForegroundPkg=com.android.launcher
10-10 10:07:54.368  4460  4460 W Binder:4460_1: type=1400 audit(0.0:998183): avc: denied { read } for name="ac" dev="sysfs" ino=53024 scontext=u:r:horae:s0 tcontext=u:object_r:vendor_sysfs_usb_supply:s0 tclass=lnk_file permissive=0
10-10 10:07:54.368  4460  4460 W Binder:4460_1: type=1400 audit(0.0:998184): avc: denied { read } for name="usb" dev="sysfs" ino=53061 scontext=u:r:horae:s0 tcontext=u:object_r:vendor_sysfs_usb_supply:s0 tclass=lnk_file permissive=0
10-10 10:07:54.375  1076  1326 I VRR [FRTC]: setFrameRateTarget with [0, com.example.dogglers, 0, com.oplus.battery]
10-10 10:07:54.375  1076  1326 W VRR [FRTC]: invalid param { fps 0, proc_name com.example.dogglers, strict_mode 0, description com.oplus.battery, rate_status 0, backend Surface, enable at 2022-10-10 10:07:54, disable waiting } for current status.
10-10 10:07:54.375  1076  1326 W VRR [FRTC]: CurrentTarget size 0:
10-10 10:07:54.375 10765 10765 D LifecycleMonitor: Lifecycle status change: androidx.test.core.app.InstrumentationActivityInvoker$EmptyActivity@60db5e2 in: DESTROYED
10-10 10:07:54.376  1835  3594 V DCSEX-AppSwitchManager: OnAppSwitchObserver: onAppEnter, launchedFrom =  null, target =  com.android.launcher, is firstStart =  false, is multiApp =  false, extensionInfo =  Bundle[{taskId=5, pid=3410, uid=10092}]
10-10 10:07:54.376 10765 10765 V ActivityScenario: Activity lifecycle changed event received but ignored because the intent does not match. startActivityIntent=Intent { act=android.intent.action.MAIN cat=[android.intent.category.LAUNCHER] cmp=com.example.dogglers/.VerticalListActivity }, activity.getIntent()=Intent { act=android.intent.action.MAIN cat=[android.intent.category.LAUNCHER] flg=0x10000000 cmp=com.example.dogglers/androidx.test.core.app.InstrumentationActivityInvoker$EmptyActivity mCallingUid=10438 }, activity=androidx.test.core.app.InstrumentationActivityInvoker$EmptyActivity@60db5e2
10-10 10:07:54.377 10538 25206 D ZoomAppController: ignore onAppEnter: mCurrentZoomInfo is null
10-10 10:07:54.379  1835  2551 E AthenaService: MemoryGuardAction: handleAppChange
10-10 10:07:54.380  3496 25260 W Battery : ThermalControllHandler: tempLevel=6,userMode=2,gameUserMode=-1,appType=-1,envTempType=0,appStates=[]
10-10 10:07:54.381  3496 25260 W Battery : ThermalControllerCenter: mSafetyState=10000
10-10 10:07:54.382  3496 25260 W Battery : ThermalControllHandler: tempGear=6,configItemName=common_config
10-10 10:07:54.387   588   588 I hwservicemanager: getTransport: Cannot find entry vendor.qti.hardware.iop@2.0::IIop/default in either framework or device VINTF manifest.
10-10 10:07:54.390  1835  5756 I android_os_HwBinder: HwBinder: Starting thread pool for getting: vendor.oplus.hardware.charger@1.0::ICharger/default
10-10 10:07:54.392  3496  6523 W Battery : ThermalControllHandler: MSG_THERMAL_CONTROL_CATEGORY_CHANGED
10-10 10:07:54.396  1835  1439 E ANDR-PERF-JNI: UXEngine Trigger - Returning null
10-10 10:07:54.398  1835  3612 D Theia.NoFocusWindow: FocusWindowErrorScene cancelCheckFreezeScreen
10-10 10:07:54.398  1076  1076 D OplusMovieIdle: updateLayerStacks,mOmiSupport is not supoort
10-10 10:07:54.398  1835  5392 W InputManager-JNI: Input channel object '57b2665 com.example.dogglers/androidx.test.core.app.InstrumentationActivityInvoker$EmptyActivity (client)' was disposed without first being removed with the input manager!
10-10 10:07:54.412  1076  1076 D OplusLayer: setBuffer sequence=162511, name=com.android.launcher/com.android.launcher.Launcher#0
10-10 10:07:54.413  1076  1076 I OplusLayer: VRR [FRTC] update from -1 to 0
10-10 10:07:54.413  3410 11414 D SurfaceComposerClient: VRR [FRTC] client handle [bufferId:18446744073709551615 framenumber:0] [ffffffff, ffffffff]
10-10 10:07:54.416  1076  1076 D OplusLayer: ~Layer() sequence=162500, name=57b2665 com.example.dogglers/androidx.test.core.app.InstrumentationActivityInvoker$EmptyActivity#0 0xb4000077fd9282c0
10-10 10:07:54.419 10765 10787 I TestRunner: finished: vertical_scrolling(com.example.dogglers.VerticalListTests)
