10-10 10:07:50.495 10765 10765 V ActivityScenario: Activity lifecycle changed event received but ignored because the intent does not match. startActivityIntent=Intent { act=android.intent.action.MAIN cat=[android.intent.category.LAUNCHER] cmp=com.example.dogglers/.VerticalListActivity }, activity.getIntent()=Intent { act=android.intent.action.MAIN cat=[android.intent.category.LAUNCHER] flg=0x10000000 cmp=com.example.dogglers/androidx.test.core.app.InstrumentationActivityInvoker$EmptyActivity mCallingUid=10438 }, activity=androidx.test.core.app.InstrumentationActivityInvoker$EmptyActivity@26b1d07
10-10 10:07:50.497 10765 10765 D LifecycleMonitor: Lifecycle status change: androidx.test.core.app.InstrumentationActivityInvoker$EmptyActivity@26b1d07 in: STARTED
10-10 10:07:50.497 10828 10828 D ProcessState: Binder ioctl to enable oneway spam detection failed: Invalid argument
10-10 10:07:50.497 10765 10765 V ActivityScenario: Activity lifecycle changed event received but ignored because the intent does not match. startActivityIntent=Intent { act=android.intent.action.MAIN cat=[android.intent.category.LAUNCHER] cmp=com.example.dogglers/.VerticalListActivity }, activity.getIntent()=Intent { act=android.intent.action.MAIN cat=[android.intent.category.LAUNCHER] flg=0x10000000 cmp=com.example.dogglers/androidx.test.core.app.InstrumentationActivityInvoker$EmptyActivity mCallingUid=10438 }, activity=androidx.test.core.app.InstrumentationActivityInvoker$EmptyActivity@26b1d07
10-10 10:07:50.499  1076  1076 D OplusLayer: ~Layer() sequence=162423, name=Surface(name=d5d2f12 Splash Screen com.example.dogglers)/@0xfd67135 - animation-leash of window_animation#0 0xb4000077fdb65040
10-10 10:07:50.499  1076  1076 D OplusLayer: ~Layer() sequence=162412, name=d5d2f12 Splash Screen com.example.dogglers#0 0xb4000077fd919a80
10-10 10:07:50.500  1076  1076 D OplusLayer: ~Layer() sequence=162426, name=Surface(name=b9a9e91 StatusBar)/@0x7c4a536 - animation-leash of insets_animation#0 0xb4000077fdb42f80
10-10 10:07:50.500  1076  1076 D OplusLayer: ~Layer() sequence=162427, name=Surface(name=135cfa4 NavigationBar0)/@0x9a066d3 - animation-leash of insets_animation#0 0xb4000077fdba1a80
10-10 10:07:50.501 10765 10765 D LifecycleMonitor: Lifecycle status change: androidx.test.core.app.InstrumentationActivityInvoker$EmptyActivity@26b1d07 in: RESUMED
10-10 10:07:50.501 10765 10765 V ActivityScenario: Activity lifecycle changed event received but ignored because the intent does not match. startActivityIntent=Intent { act=android.intent.action.MAIN cat=[android.intent.category.LAUNCHER] cmp=com.example.dogglers/.VerticalListActivity }, activity.getIntent()=Intent { act=android.intent.action.MAIN cat=[android.intent.category.LAUNCHER] flg=0x10000000 cmp=com.example.dogglers/androidx.test.core.app.InstrumentationActivityInvoker$EmptyActivity mCallingUid=10438 }, activity=androidx.test.core.app.InstrumentationActivityInvoker$EmptyActivity@26b1d07
10-10 10:07:50.503 10828 10828 I OneTrace: Mark active for pid=10828? true
10-10 10:07:50.504 10828 10828 D cutils-dev: otrace_set_tracing_enabled? true
10-10 10:07:50.505  1076  1076 D OplusLayer: ~Layer() sequence=162413, name=Splash Screen com.example.dogglers#0 0xb400007810904240
10-10 10:07:50.506  1076  1076 D OplusMovieIdle: updateLayerStacks,mOmiSupport is not supoort
10-10 10:07:50.507 10828 10842 D cutils-dev: properties changed in otrace_seq_number_changed!
10-10 10:07:50.515 10765 10765 D WindowManager: Add to mViews: DecorView@a2fb959[InstrumentationActivityInvoker$EmptyActivity],pkg= com.example.dogglers
10-10 10:07:50.522  1835  4956 D OplusDisplayPolicy: com.example.dogglers, no change cutoutMode: 0
10-10 10:07:50.524 16085 16112 D AudioPolicyService: updateUidStates_l() current->uid=10140 current->pid=9571 allowCapture=1 UidState=5 apmStat=1
10-10 10:07:50.532 10828 10828 D CompatibilityChangeReporter: Compat change id reported: 171979766; UID 10192; state: ENABLED
10-10 10:07:50.532 10828 10828 I oplus.android.OplusFrameworkFactoryImpl: get feature:IOplusAutoResolutionFeature
10-10 10:07:50.532 10828 10828 I oplus.android.OplusFrameworkFactoryImpl: getOplusAutoResolutionFeature
10-10 10:07:50.534  1076  1076 D OplusMovieIdle: updateLayerStacks,mOmiSupport is not supoort
10-10 10:07:50.534 10828 10828 D CompactWindowAppManager: initCompactApplicationInfo
10-10 10:07:50.542  1835  4956 D OplusDisplayPolicy: com.example.dogglers, no change cutoutMode: 0
10-10 10:07:50.545  1076  1076 D OplusLayer: ~Layer() sequence=162421, name=Surface(name=b9a9e91 StatusBar)/@0x7c4a536 - animation-leash of insets_animation#1 0xb4000077fdb33ac0
10-10 10:07:50.545  1076  1076 D OplusLayer: ~Layer() sequence=162422, name=Surface(name=135cfa4 NavigationBar0)/@0x9a066d3 - animation-leash of insets_animation#1 0xb4000077fdb8b240
10-10 10:07:50.548  1076  1076 D OplusMovieIdle: updateLayerStacks,mOmiSupport is not supoort
10-10 10:07:50.555  1835  4956 D Theia.NoFocusWindow: FocusWindowErrorScene cancelCheckFreezeScreen
10-10 10:07:50.563 10828 10828 I OplusFeatureCache: Milliseconds spent on init(): 15
10-10 10:07:50.565  1076  1076 D OplusMovieIdle: updateLayerStacks,mOmiSupport is not supoort
10-10 10:07:50.566 10828 10828 D LoadedApk: mApplicationInfo overrideDisplayId:null
10-10 10:07:50.577 10828 10828 D nativeloader: classloader namespace configured for unbundled product apk. library_path=/product/app/SecurePay/lib/arm64:/product/lib64:/system/product/lib64
10-10 10:07:50.582  1076  1076 D OplusMovieIdle: updateLayerStacks,mOmiSupport is not supoort
10-10 10:07:50.593 10828 10828 V GraphicsEnvironment: ANGLE Developer option for 'com.coloros.securepay' set to: 'default'
10-10 10:07:50.594 10828 10828 V GraphicsEnvironment: Neither updatable production driver nor prerelease driver is supported.
10-10 10:07:50.596 10828 10828 D NetworkSecurityConfig: No Network Security Config specified, using platform default
10-10 10:07:50.597 10828 10828 D NetworkSecurityConfig: No Network Security Config specified, using platform default
10-10 10:07:50.612  1076  1076 D OplusLayer: setBuffer sequence=162431, name=com.example.dogglers/androidx.test.core.app.InstrumentationActivityInvoker$EmptyActivity#0
10-10 10:07:50.612  1076  1076 I OplusLayer: VRR [FRTC] update from -1 to 0
10-10 10:07:50.612 10765 10796 D SurfaceComposerClient: VRR [FRTC] client handle [bufferId:18446744073709551615 framenumber:0] [ffffffff, ffffffff]
10-10 10:07:50.614  1076  1076 D OplusMovieIdle: updateLayerStacks,mOmiSupport is not supoort
10-10 10:07:50.620  1027  1027 E vendor.qti.hardware.perf@2.2-service: Unknown params
10-10 10:07:50.621  1027  4918 E ANDR-PERF-LM: ThreadHelper: thread_callback() 145: More than one pending updates!!! This should not happen. MeterMgr should avoid this case.
10-10 10:07:50.624  1027  1027 E vendor.qti.hardware.perf@2.2-service: Unknown params
10-10 10:07:50.624  1027  4918 E ANDR-PERF-LM: ThreadHelper: thread_callback() 145: More than one pending updates!!! This should not happen. MeterMgr should avoid this case.
10-10 10:07:50.626   588   588 I hwservicemanager: getTransport: Cannot find entry vendor.qti.hardware.iop@2.0::IIop/default in either framework or device VINTF manifest.
10-10 10:07:50.628  1835  2094 I ActivityTaskManager: Displayed com.example.dogglers/androidx.test.core.app.InstrumentationActivityInvoker$EmptyActivity: +220ms
10-10 10:07:50.629   588   588 I hwservicemanager: getTransport: Cannot find entry vendor.qti.hardware.iop@2.0::IIop/default in either framework or device VINTF manifest.
10-10 10:07:50.638 10828 10828 I SecurePay: SecurePayLog, IS_QE_LOG_ON = false, IS_QE_LOG_ON_MTK = false, IS_DEBUG_TAG_ON = false
10-10 10:07:50.645  1076  1076 D OplusLayer: ~Layer() sequence=162428, name=Surface(name=b9a9e91 StatusBar)/@0x7c4a536 - animation-leash of insets_animation#1 0xb4000077fdb6fb00
10-10 10:07:50.645  1076  1076 D OplusLayer: ~Layer() sequence=162429, name=Surface(name=135cfa4 NavigationBar0)/@0x9a066d3 - animation-leash of insets_animation#1 0xb4000077fdba6300
10-10 10:07:50.649  1076  1076 D OplusMovieIdle: updateLayerStacks,mOmiSupport is not supoort
10-10 10:07:50.650 10765 10765 D LifecycleMonitor: Lifecycle status change: com.example.dogglers.VerticalListActivity@c5c82ee in: STOPPED
10-10 10:07:50.650  1835  4954 I FocusResolver: updateFocusedWindow, fed4dd4 com.example.dogglers/androidx.test.core.app.InstrumentationActivityInvoker$EmptyActivity on display 0, reason: Window became focusable. Previous reason: NOT_VISIBLE, result:   FocusedWindows:
10-10 10:07:50.650  1835  4954 I FocusResolver:     displayId=0, name='fed4dd4 com.example.dogglers/androidx.test.core.app.InstrumentationActivityInvoker$EmptyActivity'
10-10 10:07:50.650 10765 10765 V ActivityScenario: Update currentActivityStage to STOPPED, currentActivity=com.example.dogglers.VerticalListActivity@c5c82ee
10-10 10:07:50.654 10765 10797 E BLASTBufferQueue: BLASTBufferItemConsumer::onDisconnect()
10-10 10:07:50.655  1835  3256 D OplusDisplayPolicy: com.example.dogglers, no change cutoutMode: 0
10-10 10:07:50.662  1046  1046 E ORMS_HAL: open /sys/devices/platform/soc/soc:oplus-omrg/oplus-omrg0/ruler_enable failed(No such file or directory)
10-10 10:07:50.662  1046  1046 E ORMS_HAL: open /sys/devices/platform/soc/soc:oplus-omrg/oplus-omrg0/ruler_enable failed(No such file or directory)
10-10 10:07:50.664  1027  1027 E vendor.qti.hardware.perf@2.2-service: Unknown params
10-10 10:07:50.665  1027  1027 E vendor.qti.hardware.perf@2.2-service: Unknown params
10-10 10:07:50.666  1027  4918 E ANDR-PERF-LM: ThreadHelper: thread_callback() 145: More than one pending updates!!! This should not happen. MeterMgr should avoid this case.
10-10 10:07:50.666  1027  1027 E vendor.qti.hardware.perf@2.2-service: Unknown params
10-10 10:07:50.667  1027  1027 E vendor.qti.hardware.perf@2.2-service: Unknown params
10-10 10:07:50.667   588   588 I hwservicemanager: getTransport: Cannot find entry vendor.qti.hardware.iop@2.0::IIop/default in either framework or device VINTF manifest.
10-10 10:07:50.668   588   588 I hwservicemanager: getTransport: Cannot find entry vendor.qti.hardware.iop@2.0::IIop/default in either framework or device VINTF manifest.
10-10 10:07:50.669  1027  1027 E vendor.qti.hardware.perf@2.2-service: Unknown params
10-10 10:07:50.671  1027  1175 E ANDR-PERF-OPTSHANDLER: Perflock resource /sys/class/devfreq/soc:qcom,cpu0-cpu-llcc-lat/mem_latency/ratio_ceil not supported
10-10 10:07:50.671  1027  1175 E ANDR-PERF-RESOURCEQS: Failed to apply optimization [13, 8]
10-10 10:07:50.671  1027  1175 E ANDR-PERF-OPTSHANDLER: Perflock resource /sys/class/devfreq/soc:qcom,cpu4-cpu-llcc-lat/mem_latency/ratio_ceil not supported
10-10 10:07:50.671  1027  1175 E ANDR-PERF-RESOURCEQS: Failed to apply optimization [13, 9]
10-10 10:07:50.671  1027  1175 E ANDR-PERF-OPTSHANDLER: Min bounds check failed
10-10 10:07:50.671  1027  1175 E ANDR-PERF-OPTSHANDLER: Error! Perflock failed, invalid request value 14236
10-10 10:07:50.671  1027  1175 E ANDR-PERF-RESOURCEQS: Failed to apply optimization [6, 6]
10-10 10:07:50.671 10765 10765 D LifecycleMonitor: Lifecycle status change: com.example.dogglers.VerticalListActivity@c5c82ee in: DESTROYED
10-10 10:07:50.671 10765 10765 V ActivityScenario: Update currentActivityStage to DESTROYED, currentActivity=null
10-10 10:07:50.675  1835  4148 D ActivityTrigger: ActivityTrigger activityPauseTrigger
10-10 10:07:50.681  1076  1076 D OplusMovieIdle: updateLayerStacks,mOmiSupport is not supoort
10-10 10:07:50.683  1835  4954 W InputManager-JNI: Input channel object '39c1226 com.example.dogglers/com.example.dogglers.VerticalListActivity (client)' was disposed without first being removed with the input manager!
10-10 10:07:50.686 10828 10850 D CompatibilityChangeReporter: Compat change id reported: 160794467; UID 10192; state: ENABLED
10-10 10:07:50.695  1076  1076 D OplusLayer: ~Layer() sequence=162403, name=Surface(name=9f74209 InputMethod)/@0x5b9743c - animation-leash of insets_animation#0 0xb4000077fdb5bdc0
10-10 10:07:50.695  1076  1076 D OplusLayer: ~Layer() sequence=162419, name=39c1226 com.example.dogglers/com.example.dogglers.VerticalListActivity#0 0xb4000077fdb11380
10-10 10:07:50.696  1076  1076 D OplusLayer: ~Layer() sequence=162420, name=com.example.dogglers/com.example.dogglers.VerticalListActivity#0 0xb4000077fdb7b940
10-10 10:07:50.697  1076  1076 D OplusLayer: ~Layer() sequence=162424, name=Surface(name=9f74209 InputMethod)/@0x5b9743c - animation-leash of insets_animation#0 0xb4000077fdb6ae00
10-10 10:07:50.699  1076  1076 D OplusMovieIdle: updateLayerStacks,mOmiSupport is not supoort
10-10 10:07:50.701  1076  1076 I OPE-[OPlusOSyncPerfConfigs]: isRightContentFps 30
10-10 10:07:50.702  1027  1027 E vendor.qti.hardware.perf@2.2-service: Unknown params
10-10 10:07:50.704   588   588 I hwservicemanager: getTransport: Cannot find entry vendor.qti.hardware.iop@2.0::IIop/default in either framework or device VINTF manifest.
10-10 10:07:50.704  1835  4954 D InputMethodManagerService: isSecurity: attribute.packageName=com.example.dogglers mCurMethodId=com.google.android.inputmethod.latin/com.android.inputmethod.latin.LatinIME
10-10 10:07:50.704  1835  4954 D InputMethodManagerService: isSecurity= false (  enable=false needShow=false inBlackList=false isExist=false )
10-10 10:07:50.706 16085 16112 D AudioPolicyService: updateUidStates_l() current->uid=10140 current->pid=9571 allowCapture=1 UidState=5 apmStat=1
10-10 10:07:50.707 23446 23446 I GoogleInputMethodService: GoogleInputMethodService.onFinishInput():3182
10-10 10:07:50.708 23446 23446 I GoogleInputMethodService: GoogleInputMethodService.updateDeviceLockedStatus():2077 checkRepeatedly = false, unlocked = true
10-10 10:07:50.709 23446 23446 I GoogleInputMethodService: GoogleInputMethodService.onStartInput():1885 onStartInput(EditorInfo{inputType=0x0(NULL) imeOptions=0x0 privateImeOptions=null actionName=UNSPECIFIED actionLabel=null actionId=0 initialSelStart=-1 initialSelEnd=-1 initialCapsMode=0x0 hintText=null label=null packageName=com.example.dogglers fieldId=-1 fieldName=null extras=null}, false)
10-10 10:07:50.709 10765 10765 D LifecycleMonitor: Lifecycle status change: androidx.test.core.app.InstrumentationActivityInvoker$EmptyActivity@26b1d07 in: PAUSED
10-10 10:07:50.710 23446 23446 I GoogleInputMethodService: GoogleInputMethodService.updateDeviceLockedStatus():2077 checkRepeatedly = true, unlocked = true
10-10 10:07:50.710 10765 10765 V ActivityScenario: Activity lifecycle changed event received but ignored because the intent does not match. startActivityIntent=Intent { act=android.intent.action.MAIN cat=[android.intent.category.LAUNCHER] cmp=com.example.dogglers/.VerticalListActivity }, activity.getIntent()=Intent { act=android.intent.action.MAIN cat=[android.intent.category.LAUNCHER] flg=0x10000000 cmp=com.example.dogglers/androidx.test.core.app.InstrumentationActivityInvoker$EmptyActivity mCallingUid=10438 }, activity=androidx.test.core.app.InstrumentationActivityInvoker$EmptyActivity@26b1d07
10-10 10:07:50.712  1076  1076 D OplusLayer: ~Layer() sequence=162418, name=ActivityRecord{b4af76c u0 com.example.dogglers/.VerticalListActivity#0 0xb4000077fdb86880
10-10 10:07:50.714  1835  2172 I libprocessgroup: Successfully killed process cgroup uid 10228 pid 9966 in 10ms
10-10 10:07:50.715  1076  1076 D OplusMovieIdle: updateLayerStacks,mOmiSupport is not supoort
10-10 10:07:50.715  1027  1027 E vendor.qti.hardware.perf@2.2-service: Unknown params
10-10 10:07:50.717  1076  1076 I OPE-[OPlusOSyncPerfConfigs]: isRightContentFps 60
10-10 10:07:50.717  1027  1027 E vendor.qti.hardware.perf@2.2-service: Unknown params
10-10 10:07:50.719 16085 16112 D AudioPolicyService: updateUidStates_l() current->uid=10140 current->pid=9571 allowCapture=1 UidState=5 apmStat=1
10-10 10:07:50.723  1835  4956 I InputDispatcher: setFocusedApplication displayId=0 ActivityRecord{bcc0cc0 u0 com.example.dogglers/androidx.test.core.app.InstrumentationActivityInvoker$EmptyActivity t16871}
10-10 10:07:50.726  1835  4956 D Theia.NoFocusWindow: FocusWindowErrorScene CheckFreezeScreen
10-10 10:07:50.730  1076  1076 D OplusMovieIdle: updateLayerStacks,mOmiSupport is not supoort
10-10 10:07:50.735   840   840 I Zygote  : Process 9966 exited due to signal 9 (Killed)
10-10 10:07:50.740   588   588 I hwservicemanager: getTransport: Cannot find entry vendor.qti.hardware.iop@2.0::IIop/default in either framework or device VINTF manifest.
10-10 10:07:50.743  5859 20028 V DeepThinker: ProcessManager: onProcessDied pid:9966, uid:10228
10-10 10:07:50.747 10765 10765 D LifecycleMonitor: Lifecycle status change: androidx.test.core.app.InstrumentationActivityInvoker$BootstrapActivity@9720e3e in: DESTROYED
10-10 10:07:50.747  1076  1076 D OplusMovieIdle: updateLayerStacks,mOmiSupport is not supoort
10-10 10:07:50.747 10765 10765 V ActivityScenario: Activity lifecycle changed event received but ignored because the intent does not match. startActivityIntent=Intent { act=android.intent.action.MAIN cat=[android.intent.category.LAUNCHER] cmp=com.example.dogglers/.VerticalListActivity }, activity.getIntent()=Intent { act=android.intent.action.MAIN cat=[android.intent.category.LAUNCHER] flg=0x10008000 cmp=com.example.dogglers/androidx.test.core.app.InstrumentationActivityInvoker$BootstrapActivity (has extras) mCallingUid=10438 }, activity=androidx.test.core.app.InstrumentationActivityInvoker$BootstrapActivity@9720e3e
10-10 10:07:50.752  1046  1046 E ORMS_HAL: open /sys/devices/platform/soc/soc:oplus-omrg/oplus-omrg0/ruler_enable failed(No such file or directory)
10-10 10:07:50.753  1046  1046 E ORMS_HAL: open /sys/devices/platform/soc/soc:oplus-omrg/oplus-omrg0/ruler_enable failed(No such file or directory)
10-10 10:07:50.756  1027  1175 E ANDR-PERF-OPTSHANDLER: Perflock resource /sys/class/devfreq/soc:qcom,cpu0-cpu-llcc-lat/mem_latency/ratio_ceil not supported
10-10 10:07:50.756  1027  1175 E ANDR-PERF-RESOURCEQS: Failed to apply optimization [13, 8]
10-10 10:07:50.756  1027  1175 E ANDR-PERF-OPTSHANDLER: Perflock resource /sys/class/devfreq/soc:qcom,cpu4-cpu-llcc-lat/mem_latency/ratio_ceil not supported
10-10 10:07:50.756  1027  1175 E ANDR-PERF-RESOURCEQS: Failed to apply optimization [13, 9]
10-10 10:07:50.756  1027  1175 E ANDR-PERF-OPTSHANDLER: Min bounds check failed
10-10 10:07:50.756  1027  1175 E ANDR-PERF-OPTSHANDLER: Error! Perflock failed, invalid request value 14236
10-10 10:07:50.756  1027  1175 E ANDR-PERF-RESOURCEQS: Failed to apply optimization [6, 6]
10-10 10:07:50.761  1076  1076 D OplusLayer: ~Layer() sequence=162411, name=ActivityRecord{be6f9ae u0 com.example.dogglers/androidx.test.core.app.InstrumentationActivityInvoker$BootstrapActivity#0 0xb4000077fd911040
10-10 10:07:50.762 10765 10765 D LifecycleMonitor: Lifecycle status change: androidx.test.core.app.InstrumentationActivityInvoker$EmptyActivity@603a31b in: PRE_ON_CREATE
10-10 10:07:50.762 10765 10765 V ActivityScenario: Activity lifecycle changed event received but ignored because the intent does not match. startActivityIntent=Intent { act=android.intent.action.MAIN cat=[android.intent.category.LAUNCHER] cmp=com.example.dogglers/.VerticalListActivity }, activity.getIntent()=Intent { act=android.intent.action.MAIN cat=[android.intent.category.LAUNCHER] flg=0x10000000 cmp=com.example.dogglers/androidx.test.core.app.InstrumentationActivityInvoker$EmptyActivity mCallingUid=10438 }, activity=androidx.test.core.app.InstrumentationActivityInvoker$EmptyActivity@603a31b
10-10 10:07:50.764  1076  1076 D OplusMovieIdle: updateLayerStacks,mOmiSupport is not supoort
10-10 10:07:50.767  1835  4954 I FocusResolver: updateFocusedWindow,  on display 0, reason: NO_WINDOW, result:   FocusedWindows: <none>
10-10 10:07:50.769 10828 10850 I WM-WorkerWrapper: Worker result SUCCESS for Work [ id=8e11d958-2175-4692-8575-db783d7658c6, tags={ com.coloros.securepay.SecurePayWork } ]
10-10 10:07:50.778 16085 16112 D AudioPolicyService: updateUidStates_l() current->uid=10140 current->pid=9571 allowCapture=1 UidState=5 apmStat=1
10-10 10:07:50.780 16085 16112 D AudioPolicyService: updateUidStates_l() current->uid=10140 current->pid=9571 allowCapture=1 UidState=5 apmStat=1
10-10 10:07:50.786 10765 10765 D LifecycleMonitor: Lifecycle status change: androidx.test.core.app.InstrumentationActivityInvoker$EmptyActivity@603a31b in: CREATED
10-10 10:07:50.787 10765 10765 V ActivityScenario: Activity lifecycle changed event received but ignored because the intent does not match. startActivityIntent=Intent { act=android.intent.action.MAIN cat=[android.intent.category.LAUNCHER] cmp=com.example.dogglers/.VerticalListActivity }, activity.getIntent()=Intent { act=android.intent.action.MAIN cat=[android.intent.category.LAUNCHER] flg=0x10000000 cmp=com.example.dogglers/androidx.test.core.app.InstrumentationActivityInvoker$EmptyActivity mCallingUid=10438 }, activity=androidx.test.core.app.InstrumentationActivityInvoker$EmptyActivity@603a31b
10-10 10:07:50.789 10765 10765 D LifecycleMonitor: Lifecycle status change: androidx.test.core.app.InstrumentationActivityInvoker$EmptyActivity@603a31b in: STARTED
10-10 10:07:50.789 10765 10765 V ActivityScenario: Activity lifecycle changed event received but ignored because the intent does not match. startActivityIntent=Intent { act=android.intent.action.MAIN cat=[android.intent.category.LAUNCHER] cmp=com.example.dogglers/.VerticalListActivity }, activity.getIntent()=Intent { act=android.intent.action.MAIN cat=[android.intent.category.LAUNCHER] flg=0x10000000 cmp=com.example.dogglers/androidx.test.core.app.InstrumentationActivityInvoker$EmptyActivity mCallingUid=10438 }, activity=androidx.test.core.app.InstrumentationActivityInvoker$EmptyActivity@603a31b
10-10 10:07:50.792 10765 10765 D LifecycleMonitor: Lifecycle status change: androidx.test.core.app.InstrumentationActivityInvoker$EmptyActivity@603a31b in: RESUMED
10-10 10:07:50.792 10765 10765 V ActivityScenario: Activity lifecycle changed event received but ignored because the intent does not match. startActivityIntent=Intent { act=android.intent.action.MAIN cat=[android.intent.category.LAUNCHER] cmp=com.example.dogglers/.VerticalListActivity }, activity.getIntent()=Intent { act=android.intent.action.MAIN cat=[android.intent.category.LAUNCHER] flg=0x10000000 cmp=com.example.dogglers/androidx.test.core.app.InstrumentationActivityInvoker$EmptyActivity mCallingUid=10438 }, activity=androidx.test.core.app.InstrumentationActivityInvoker$EmptyActivity@603a31b
10-10 10:07:50.798 10765 10765 D WindowManager: Add to mViews: DecorView@72f55f7[InstrumentationActivityInvoker$EmptyActivity],pkg= com.example.dogglers
10-10 10:07:50.802  1835  5392 D OplusDisplayPolicy: com.example.dogglers, no change cutoutMode: 0
10-10 10:07:50.813  1076  1076 D OplusMovieIdle: updateLayerStacks,mOmiSupport is not supoort
10-10 10:07:50.817  1835  5392 D OplusDisplayPolicy: com.example.dogglers, no change cutoutMode: 0
10-10 10:07:50.825  1835  5392 D Theia.NoFocusWindow: FocusWindowErrorScene cancelCheckFreezeScreen
10-10 10:07:50.832  1076  1076 D OplusMovieIdle: updateLayerStacks,mOmiSupport is not supoort
10-10 10:07:50.844  1076  1076 D OplusLayer: setBuffer sequence=162438, name=com.example.dogglers/androidx.test.core.app.InstrumentationActivityInvoker$EmptyActivity#1
10-10 10:07:50.844  1076  1076 I OplusLayer: VRR [FRTC] update from -1 to 0
10-10 10:07:50.844 10765 10826 D SurfaceComposerClient: VRR [FRTC] client handle [bufferId:18446744073709551615 framenumber:0] [ffffffff, ffffffff]
10-10 10:07:50.848  1076  1076 D OplusMovieIdle: updateLayerStacks,mOmiSupport is not supoort
10-10 10:07:50.850 31461 31787 D NetworkController.MobileSignalController(2): onMobileStatusChanged= updateTelephony=false mobileStatus=[activityIn=false,activityOut=true,dataSim=true,carrierNetworkChangeMode=false,dataState=2,serviceState=mVoiceRegState=0(IN_SERVICE), mDataRegState=0(IN_SERVICE),signalStrength=4,telephonyDisplayInfo=TelephonyDisplayInfo {network=LTE, override=NONE}]
10-10 10:07:50.853  1027  1027 E vendor.qti.hardware.perf@2.2-service: Unknown params
10-10 10:07:50.853  1027  4918 E ANDR-PERF-LM: ThreadHelper: thread_callback() 145: More than one pending updates!!! This should not happen. MeterMgr should avoid this case.
10-10 10:07:50.855  1027  1027 E vendor.qti.hardware.perf@2.2-service: Unknown params
10-10 10:07:50.856  1027  4918 E ANDR-PERF-LM: ThreadHelper: thread_callback() 145: More than one pending updates!!! This should not happen. MeterMgr should avoid this case.
10-10 10:07:50.857   588   588 I hwservicemanager: getTransport: Cannot find entry vendor.qti.hardware.iop@2.0::IIop/default in either framework or device VINTF manifest.
10-10 10:07:50.858  1835  2094 I ActivityTaskManager: Displayed com.example.dogglers/androidx.test.core.app.InstrumentationActivityInvoker$EmptyActivity: +192ms
10-10 10:07:50.859   588   588 I hwservicemanager: getTransport: Cannot find entry vendor.qti.hardware.iop@2.0::IIop/default in either framework or device VINTF manifest.
10-10 10:07:50.862  1835  4956 I FocusResolver: updateFocusedWindow, 398fdc3 com.example.dogglers/androidx.test.core.app.InstrumentationActivityInvoker$EmptyActivity on display 0, reason: Window became focusable. Previous reason: NOT_VISIBLE, result:   FocusedWindows:
10-10 10:07:50.862  1835  4956 I FocusResolver:     displayId=0, name='398fdc3 com.example.dogglers/androidx.test.core.app.InstrumentationActivityInvoker$EmptyActivity'
10-10 10:07:50.864  1076  1076 D OplusMovieIdle: updateLayerStacks,mOmiSupport is not supoort
10-10 10:07:50.877  1076  1076 D OplusLayer: ~Layer() sequence=162432, name=Surface(name=b9a9e91 StatusBar)/@0x7c4a536 - animation-leash of insets_animation#0 0xb4000077fdbb1d40
10-10 10:07:50.877  1076  1076 D OplusLayer: ~Layer() sequence=162433, name=Surface(name=135cfa4 NavigationBar0)/@0x9a066d3 - animation-leash of insets_animation#0 0xb4000077fdbb6100
10-10 10:07:50.880  1076  1076 D OplusMovieIdle: updateLayerStacks,mOmiSupport is not supoort
10-10 10:07:50.882 10765 10797 E BLASTBufferQueue: BLASTBufferItemConsumer::onDisconnect()
10-10 10:07:50.889 31461 31787 D NetworkController.MobileSignalController(1): onMobileStatusChanged= updateTelephony=true mobileStatus=[activityIn=true,activityOut=true,dataSim=false,carrierNetworkChangeMode=false,dataState=0,serviceState=mVoiceRegState=0(IN_SERVICE), mDataRegState=0(IN_SERVICE),signalStrength=4,telephonyDisplayInfo=TelephonyDisplayInfo {network=LTE, override=NONE}]
10-10 10:07:50.893 10765 10765 D LifecycleMonitor: Lifecycle status change: androidx.test.core.app.InstrumentationActivityInvoker$EmptyActivity@26b1d07 in: STOPPED
10-10 10:07:50.893 10765 10765 V ActivityScenario: Activity lifecycle changed event received but ignored because the intent does not match. startActivityIntent=Intent { act=android.intent.action.MAIN cat=[android.intent.category.LAUNCHER] cmp=com.example.dogglers/.VerticalListActivity }, activity.getIntent()=Intent { act=android.intent.action.MAIN cat=[android.intent.category.LAUNCHER] flg=0x10000000 cmp=com.example.dogglers/androidx.test.core.app.InstrumentationActivityInvoker$EmptyActivity mCallingUid=10438 }, activity=androidx.test.core.app.InstrumentationActivityInvoker$EmptyActivity@26b1d07
10-10 10:07:50.897  1835  3494 D InputMethodManagerService: isSecurity: attribute.packageName=com.example.dogglers mCurMethodId=com.google.android.inputmethod.latin/com.android.inputmethod.latin.LatinIME
10-10 10:07:50.897  1835  3494 D InputMethodManagerService: isSecurity= false (  enable=false needShow=false inBlackList=false isExist=false )
10-10 10:07:50.898 23446 23446 I GoogleInputMethodService: GoogleInputMethodService.onFinishInput():3182
10-10 10:07:50.900 23446 23446 I GoogleInputMethodService: GoogleInputMethodService.updateDeviceLockedStatus():2077 checkRepeatedly = false, unlocked = true
10-10 10:07:50.900 23446 23446 I GoogleInputMethodService: GoogleInputMethodService.onStartInput():1885 onStartInput(EditorInfo{inputType=0x0(NULL) imeOptions=0x0 privateImeOptions=null actionName=UNSPECIFIED actionLabel=null actionId=0 initialSelStart=-1 initialSelEnd=-1 initialCapsMode=0x0 hintText=null label=null packageName=com.example.dogglers fieldId=-1 fieldName=null extras=null}, false)
10-10 10:07:50.901 23446 23446 I GoogleInputMethodService: GoogleInputMethodService.updateDeviceLockedStatus():2077 checkRepeatedly = true, unlocked = true
10-10 10:07:50.902  1835  5392 D ActivityTrigger: ActivityTrigger activityPauseTrigger
10-10 10:07:50.905  1046  1046 E ORMS_HAL: open /sys/devices/platform/soc/soc:oplus-omrg/oplus-omrg0/ruler_enable failed(No such file or directory)
10-10 10:07:50.905  1046  1046 E ORMS_HAL: open /sys/devices/platform/soc/soc:oplus-omrg/oplus-omrg0/ruler_enable failed(No such file or directory)
10-10 10:07:50.912  1046  1046 E ORMS_HAL: open /sys/devices/platform/soc/soc:oplus-omrg/oplus-omrg0/ruler_enable failed(No such file or directory)
10-10 10:07:50.913  1027  1175 E ANDR-PERF-OPTSHANDLER: Perflock resource /sys/class/devfreq/soc:qcom,cpu0-cpu-llcc-lat/mem_latency/ratio_ceil not supported
10-10 10:07:50.913  1027  1175 E ANDR-PERF-RESOURCEQS: Failed to apply optimization [13, 8]
10-10 10:07:50.913  1027  1175 E ANDR-PERF-OPTSHANDLER: Perflock resource /sys/class/devfreq/soc:qcom,cpu4-cpu-llcc-lat/mem_latency/ratio_ceil not supported
10-10 10:07:50.913  1027  1175 E ANDR-PERF-RESOURCEQS: Failed to apply optimization [13, 9]
10-10 10:07:50.913  1027  1175 E ANDR-PERF-OPTSHANDLER: Min bounds check failed
10-10 10:07:50.913  1027  1175 E ANDR-PERF-OPTSHANDLER: Error! Perflock failed, invalid request value 14236
10-10 10:07:50.913  1027  1175 E ANDR-PERF-RESOURCEQS: Failed to apply optimization [6, 6]
10-10 10:07:50.913  1046  1046 E ORMS_HAL: open /sys/devices/platform/soc/soc:oplus-omrg/oplus-omrg0/ruler_enable failed(No such file or directory)
10-10 10:07:50.914  1835  5392 D Theia.NoFocusWindow: FocusWindowErrorScene CheckFreezeScreen
10-10 10:07:50.915  1835  5392 I InputDispatcher: setFocusedApplication displayId=0 ActivityRecord{83ffe u0 com.android.launcher/.Launcher t5}
10-10 10:07:50.916  1046  1046 E ORMS_HAL: open /sys/devices/platform/soc/soc:oplus-omrg/oplus-omrg0/ruler_enable failed(No such file or directory)
10-10 10:07:50.916  1076  1076 D OplusMovieIdle: updateLayerStacks,mOmiSupport is not supoort
10-10 10:07:50.917  1046  1046 E ORMS_HAL: open /sys/devices/platform/soc/soc:oplus-omrg/oplus-omrg0/ruler_enable failed(No such file or directory)
10-10 10:07:50.917  1027  1175 E ANDR-PERF-OPTSHANDLER: Perflock resource /sys/class/devfreq/soc:qcom,cpu0-cpu-llcc-lat/mem_latency/ratio_ceil not supported
10-10 10:07:50.917  1027  1175 E ANDR-PERF-RESOURCEQS: Failed to apply optimization [13, 8]
10-10 10:07:50.917  1027  1175 E ANDR-PERF-OPTSHANDLER: Perflock resource /sys/class/devfreq/soc:qcom,cpu4-cpu-llcc-lat/mem_latency/ratio_ceil not supported
10-10 10:07:50.917  1027  1175 E ANDR-PERF-RESOURCEQS: Failed to apply optimization [13, 9]
10-10 10:07:50.917  1027  1175 E ANDR-PERF-OPTSHANDLER: Min bounds check failed
10-10 10:07:50.917  1027  1175 E ANDR-PERF-OPTSHANDLER: Error! Perflock failed, invalid request value 14236
10-10 10:07:50.917  1027  1175 E ANDR-PERF-RESOURCEQS: Failed to apply optimization [6, 6]
10-10 10:07:50.917  1046  1046 E ORMS_HAL: open /sys/class/devfreq/soc:qcom,cpu0-llcc-ddr-lat/max_freq failed(No such file or directory)
10-10 10:07:50.918  1046  1046 E ORMS_HAL: open /sys/class/devfreq/soc:qcom,cpu6-llcc-ddr-lat/max_freq failed(No such file or directory)
10-10 10:07:50.918  1046  1046 E ORMS_HAL: open /sys/class/devfreq/soc:qcom,cpu-cpu-llcc-bw/bw_hwmon/hyst_trigger_count failed(No such file or directory)
10-10 10:07:50.922  1027  1175 E ANDR-PERF-OPTSHANDLER: Perflock resource /sys/class/devfreq/soc:qcom,cpu0-cpu-llcc-lat/mem_latency/ratio_ceil not supported
10-10 10:07:50.922  1027  1175 E ANDR-PERF-RESOURCEQS: Failed to apply optimization [13, 8]
10-10 10:07:50.922  1027  1175 E ANDR-PERF-OPTSHANDLER: Perflock resource /sys/class/devfreq/soc:qcom,cpu4-cpu-llcc-lat/mem_latency/ratio_ceil not supported
10-10 10:07:50.922  1027  1175 E ANDR-PERF-RESOURCEQS: Failed to apply optimization [13, 9]
10-10 10:07:50.929  1835  4148 I FocusResolver: updateFocusedWindow,  on display 0, reason: NO_WINDOW, result:   FocusedWindows: <none>
10-10 10:07:50.930  1076  1076 D OplusMovieIdle: updateLayerStacks,mOmiSupport is not supoort
10-10 10:07:50.930 10765 10765 D LifecycleMonitor: Lifecycle status change: androidx.test.core.app.InstrumentationActivityInvoker$EmptyActivity@603a31b in: PAUSED
10-10 10:07:50.931 10765 10765 V ActivityScenario: Activity lifecycle changed event received but ignored because the intent does not match. startActivityIntent=Intent { act=android.intent.action.MAIN cat=[android.intent.category.LAUNCHER] cmp=com.example.dogglers/.VerticalListActivity }, activity.getIntent()=Intent { act=android.intent.action.MAIN cat=[android.intent.category.LAUNCHER] flg=0x10000000 cmp=com.example.dogglers/androidx.test.core.app.InstrumentationActivityInvoker$EmptyActivity mCallingUid=10438 }, activity=androidx.test.core.app.InstrumentationActivityInvoker$EmptyActivity@603a31b
10-10 10:07:50.937  1027  1027 E vendor.qti.hardware.perf@2.2-service: Unknown params
10-10 10:07:50.938  1835  4956 V SensorManager: call sensorServiceCommonInterface name: setScreenShotDisable
10-10 10:07:50.938  1835  4956 D SensorService: SensorService sensorServiceCommonInterface = setScreenShotDisable
10-10 10:07:50.939  1835  4956 D SensorServiceImpl: SensorServiceExtImpl sensorServiceCommonInterface funcName= setScreenShotDisable , flag =0, status =0
10-10 10:07:50.939  1835  4956 I OplusHansManager : front pkg: com.android.launcher, uid: 10092, prev pkg: com.example.dogglers, prev uid: 10438
10-10 10:07:50.940  1835  4424 I OplusHansManager : notifyAppGoForeground, uid=10092
10-10 10:07:50.940  1835  4424 I OplusHansManager : notifyAppGoBackground, uid=10438
10-10 10:07:50.940  1835  3016 I Osense-DecisionMaker: notifySceneToPolicy...SCENE_LAUNCHER
10-10 10:07:50.941  1835  3016 D Osense-DecisionMaker: getCurrentSysStats, memMb: 1709
10-10 10:07:50.941  1835  3252 I OplusHansManager : uid=10438, pkg=com.example.dogglers enter SM
10-10 10:07:50.941  1835  3252 I OplusHansManager : uid=10438, pkg=com.example.dogglers R enter()
10-10 10:07:50.941  1835  3262 I OplusResourcePreloadManager: resume pkg: com.android.launcher, uid:10092, prev pkg: com.example.dogglers, prev uid: 10438
10-10 10:07:50.945  1835  3594 V DCSEX-AppSwitchManager: OnAppSwitchObserver: onAppExit, resuming = com.android.launcher, target = com.example.dogglers, is ResumingFirstStart =  false, is ResumingMultiApp =  false, extensionInfo =  Bundle[{taskId=5, uid=10092}]
10-10 10:07:50.946  1835  9058 D DCSEX-AppLaunchEventRecorder: onAppSwitch from = com.example.dogglers to = com.android.launcher
10-10 10:07:50.946  1835  9058 D DCSEX-AppLaunchEventRecorder: recordExitApp = com.example.dogglers
10-10 10:07:50.946  1835  9058 E OplusTrack-ApkInfoUtil: java.lang.NullPointerException: Attempt to invoke virtual method 'java.lang.Object android.os.Bundle.get(java.lang.String)' on a null object reference
10-10 10:07:50.946  1835  9058 W System.err: java.lang.NullPointerException: Attempt to invoke virtual method 'java.lang.Object android.os.Bundle.get(java.lang.String)' on a null object reference
10-10 10:07:50.947  1835  9058 W System.err: 	at com.oplus.statistics.h.b.d(ApkInfoUtil.java:136)
10-10 10:07:50.947  1835  9058 W System.err: 	at com.oplus.statistics.b.b.a(TrackEvent.java:141)
10-10 10:07:50.947  1835  9058 W System.err: 	at com.oplus.statistics.b.b.<init>(TrackEvent.java:47)
10-10 10:07:50.947  1835  9058 W System.err: 	at com.oplus.statistics.b.a.<init>(CommonBean.java:37)
10-10 10:07:50.947  1835  9058 W System.err: 	at com.oplus.statistics.c.a(OplusTrack.java:223)
10-10 10:07:50.947  1835  9058 W System.err: 	at com.oplus.statistics.e.a.a$a.a(AppLaunchEventRecorder.java:116)
10-10 10:07:50.947  1835  9058 W System.err: 	at com.oplus.statistics.e.a.a$a.a(AppLaunchEventRecorder.java:75)
10-10 10:07:50.947  1835  9058 W System.err: 	at com.oplus.statistics.e.a.-$$Lambda$2fHLmT8JZlr5OzkT2xnqiCVdLEk.onAppSwitch(Unknown Source:2)
10-10 10:07:50.947  1835  9058 W System.err: 	at com.oplus.statistics.c.b.a(AppSwitchMonitor.java:96)
10-10 10:07:50.947  1835  9058 W System.err: 	at com.oplus.statistics.c.b.lambda$yF2sSrETF4wpk07pjuI1ubPVnB8(Unknown Source:0)
10-10 10:07:50.947  1835  9058 W System.err: 	at com.oplus.statistics.c.-$$Lambda$b$yF2sSrETF4wpk07pjuI1ubPVnB8.accept(Unknown Source:4)
10-10 10:07:50.947  1835  9058 W System.err: 	at java.util.concurrent.CopyOnWriteArrayList.forEach(CopyOnWriteArrayList.java:811)
10-10 10:07:50.947  1835  9058 W System.err: 	at com.oplus.statistics.c.b.b(AppSwitchMonitor.java:96)
10-10 10:07:50.947  1835  9058 W System.err: 	at com.oplus.statistics.c.b.lambda$fX4Hi7f3z5t3AW9aa0q-E6iGF5w(Unknown Source:0)
10-10 10:07:50.947  1835  9058 W System.err: 	at com.oplus.statistics.c.-$$Lambda$b$fX4Hi7f3z5t3AW9aa0q-E6iGF5w.run(Unknown Source:4)
10-10 10:07:50.947  1835  9058 W System.err: 	at java.util.concurrent.ThreadPoolExecutor.runWorker(ThreadPoolExecutor.java:1137)
10-10 10:07:50.947  1835  9058 W System.err: 	at java.util.concurrent.ThreadPoolExecutor$Worker.run(ThreadPoolExecutor.java:637)
10-10 10:07:50.947  1835  9058 W System.err: 	at java.lang.Thread.run(Thread.java:1012)
10-10 10:07:50.947  1835  9058 W OplusTrack-TrackEvent: appId is empty
10-10 10:07:50.947  3496 25260 D AppSwitchListener: onAppExit() called !
10-10 10:07:50.948  1835  3594 V DCSEX-AppSwitchManager: OnAppSwitchObserver: onAppEnter, launchedFrom =  null, target =  com.android.launcher, is firstStart =  false, is multiApp =  false, extensionInfo =  Bundle[{taskId=5, pid=3410, uid=10092}]
10-10 10:07:50.949 10538 10559 D ZoomAppController: ignore onAppEnter: mCurrentZoomInfo is null
10-10 10:07:50.949  1835  2551 E AthenaService: MemoryGuardAction: handleAppChange
10-10 10:07:50.950  3496 10097 W Battery : ThermalControlUtils: mForegroundPkg=com.android.launcher
10-10 10:07:50.944  1835  1835 W OplusTrack-thre: type=1400 audit(0.0:998170): avc: denied { write } for name="fg_uids" dev="proc" ino=4026532193 scontext=u:r:system_server:s0 tcontext=u:object_r:oplus_fg_uid_proc:s0 tclass=file permissive=0
10-10 10:07:50.944  4460  4460 W Binder:4460_1: type=1400 audit(0.0:998171): avc: denied { read } for name="ac" dev="sysfs" ino=53024 scontext=u:r:horae:s0 tcontext=u:object_r:vendor_sysfs_usb_supply:s0 tclass=lnk_file permissive=0
10-10 10:07:50.953  3496 10097 W Battery : ThermalControllHandler: tempLevel=6,userMode=2,gameUserMode=-1,appType=-1,envTempType=0,appStates=[]
10-10 10:07:50.954  3496 10097 W Battery : ThermalControllerCenter: mSafetyState=10000
10-10 10:07:50.954  1076  4356 I VRR [FRTC]: setFrameRateTarget with [0, com.example.dogglers, 0, com.oplus.battery]
10-10 10:07:50.954  1076  4356 W VRR [FRTC]: invalid param { fps 0, proc_name com.example.dogglers, strict_mode 0, description com.oplus.battery, rate_status 0, backend Surface, enable at 2022-10-10 10:07:50, disable waiting } for current status.
10-10 10:07:50.954  1076  4356 W VRR [FRTC]: CurrentTarget size 0:
10-10 10:07:50.956  3496 10097 W Battery : ThermalControllHandler: tempGear=6,configItemName=common_config
10-10 10:07:50.964  1835  5392 I android_os_HwBinder: HwBinder: Starting thread pool for getting: vendor.oplus.hardware.charger@1.0::ICharger/default
10-10 10:07:50.969  3496  6523 W Battery : ThermalControllHandler: MSG_THERMAL_CONTROL_CATEGORY_CHANGED
10-10 10:07:50.973 16085 16112 D AudioPolicyService: updateUidStates_l() current->uid=10140 current->pid=9571 allowCapture=1 UidState=5 apmStat=1
10-10 10:07:50.973 16085 16112 D AudioPolicyService: updateUidStates_l() current->uid=10140 current->pid=9571 allowCapture=1 UidState=5 apmStat=1
10-10 10:07:50.973 16085 16112 D AudioPolicyService: updateUidStates_l() current->uid=10140 current->pid=9571 allowCapture=1 UidState=5 apmStat=1
10-10 10:07:50.975  8218  8253 I [0]DCS-StrategyManager: isNeedUpload: true, type: 1, appID: 0, logTag: , eventID:
10-10 10:07:50.977  1076  1076 D OplusLayer: ~Layer() sequence=162436, name=Surface(name=9f74209 InputMethod)/@0x5b9743c - animation-leash of insets_animation#0 0xb4000077fd67c3c0
10-10 10:07:50.980  1076  1076 D OplusMovieIdle: updateLayerStacks,mOmiSupport is not supoort
10-10 10:07:50.983   588   588 I hwservicemanager: getTransport: Cannot find entry vendor.qti.hardware.iop@2.0::IIop/default in either framework or device VINTF manifest.
10-10 10:07:50.984  1835  1439 E ANDR-PERF-JNI: UXEngine Trigger - Returning null
10-10 10:07:50.992 10765 10765 D LifecycleMonitor: Lifecycle status change: androidx.test.core.app.InstrumentationActivityInvoker$EmptyActivity@26b1d07 in: DESTROYED
10-10 10:07:50.994 10765 10765 V ActivityScenario: Activity lifecycle changed event received but ignored because the intent does not match. startActivityIntent=Intent { act=android.intent.action.MAIN cat=[android.intent.category.LAUNCHER] cmp=com.example.dogglers/.VerticalListActivity }, activity.getIntent()=Intent { act=android.intent.action.MAIN cat=[android.intent.category.LAUNCHER] flg=0x10000000 cmp=com.example.dogglers/androidx.test.core.app.InstrumentationActivityInvoker$EmptyActivity mCallingUid=10438 }, activity=androidx.test.core.app.InstrumentationActivityInvoker$EmptyActivity@26b1d07
10-10 10:07:50.998  1835  2440 D Theia.NoFocusWindow: FocusWindowErrorScene cancelCheckFreezeScreen
10-10 10:07:50.998  1076  1076 D OplusMovieIdle: updateLayerStacks,mOmiSupport is not supoort
10-10 10:07:51.006  1835  3494 W InputManager-JNI: Input channel object 'fed4dd4 com.example.dogglers/androidx.test.core.app.InstrumentationActivityInvoker$EmptyActivity (client)' was disposed without first being removed with the input manager!
10-10 10:07:51.012  1076  1076 D OplusLayer: ~Layer() sequence=162431, name=com.example.dogglers/androidx.test.core.app.InstrumentationActivityInvoker$EmptyActivity#0 0xb4000077fdbab500
10-10 10:07:51.017  1076  1076 D OplusMovieIdle: updateLayerStacks,mOmiSupport is not supoort
10-10 10:07:51.021 31461 31461 D OplusWallpaperServiceHelper: isNightMode is true
10-10 10:07:51.021 31461 31461 I OplusWallpaperServiceHelper: getDarkModeWallpaperWindowAlpha. nightMode = true
10-10 10:07:51.022 10765 10787 I TestRunner: finished: recycler_view_item_count(com.example.dogglers.VerticalListTests)
